id slots |U| countH maxnew orphan completions_le_slots pruned_truth
R1 2 18 0 1 0 0 1
R2 2 16 0 1 0 0 1
R3 2 15 0 1 0 0 1
R4 2 15 0 1 0 0 1
R5 2 18 0 1 0 0 1
R6 2 19 0 1 0 0 1
R7 2 14 0 1 0 0 1
R8 2 16 0 1 0 0 1
R3348067 2 9 0 0 0 1 0
R9258204 2 9 0 0 0 1 0
R17092182 2 10 0 0 0 1 0
R23168674 2 10 0 0 0 1 0
R24677587 2 11 0 0 0 1 0
R30460389 2 11 0 0 0 1 0
R30879377 2 10 0 0 0 1 0
R31565896 2 10 0 0 0 1 0
C1 2 13 0 0 0 0 1
C2 2 12 0 0 0 0 1
C3 2 10 0 0 0 0 1
C4 2 10 0 0 0 0 1
C5 2 9 0 1 1 0 1
C6 2 11 0 0 1 0 1
C7 2 13 0 0 1 0 1
C8 2 14 0 0 1 0 1
C1+release1,11 2 13 0 0 0 1 0
C2+release1,4 2 12 0 0 0 1 0
C3+release1,11 2 10 0 0 0 1 0
C4+release1,11 2 10 0 0 0 1 0
