SURVIVOR base: 1 1 1 2 8 11 18 38 40 46 47 48 56 58 1 l2=24 tight=no l4=344 l8=1888 l16=8576 l32=67072 PERSISTENT
SURVIVOR base: 1 1 1 2 8 11 18 38 40 46 47 48 56 58 2 l2=21 tight=no l4=252 l8=1584 l16=12480 l32=99072 PERSISTENT
SURVIVOR base: 1 1 1 2 8 11 18 38 40 46 47 48 56 58 3 l2=22 tight=no l4=276 l8=1440 l16=6528 l32=50688 PERSISTENT
SURVIVOR base: 1 1 1 2 8 11 18 38 40 46 47 48 56 58 4 l2=27 tight=no l4=210 l8=816 l16=6336 l32=49920 PERSISTENT
SURVIVOR base: 1 1 1 2 8 11 18 38 40 46 47 48 56 58 5 l2=21 tight=no l4=210 l8=816 l16=6336 l32=49920 PERSISTENT
SURVIVOR base: 1 1 1 2 8 11 18 38 40 46 47 48 56 58 6 l2=21 tight=no l4=204 l8=816 l16=6336 l32=49920 PERSISTENT
SURVIVOR base: 1 1 1 2 8 11 18 38 40 46 47 48 56 58 7 l2=21 tight=no l4=204 l8=816 l16=6336 l32=49920 PERSISTENT
SURVIVOR base: 1 1 1 2 8 11 18 38 40 46 47 48 56 58 8 l2=33 tight=no l4=372 l8=1584 l16=12480 l32=99072 PERSISTENT
SURVIVOR base: 1 1 1 2 8 11 18 38 40 46 47 48 56 58 9 l2=21 tight=no l4=204 l8=816 l16=6336 l32=49920 PERSISTENT
SURVIVOR base: 1 1 1 2 8 11 18 38 40 46 47 48 56 58 10 l2=21 tight=no l4=210 l8=816 l16=6336 l32=49920 PERSISTENT
SURVIVOR base: 1 1 1 2 8 11 18 38 40 46 47 48 56 58 11 l2=33 tight=no l4=384 l8=1584 l16=12480 l32=99072 PERSISTENT
SURVIVOR base: 1 1 1 2 8 11 18 38 40 46 47 48 56 58 12 l2=27 tight=no l4=216 l8=816 l16=6336 l32=49920 PERSISTENT
SURVIVOR base: 1 1 1 2 8 11 18 38 40 46 47 48 56 58 13 l2=21 tight=no l4=210 l8=816 l16=6336 l32=49920 PERSISTENT
SURVIVOR base: 1 1 1 2 8 11 18 38 40 46 47 48 56 58 14 l2=21 tight=no l4=204 l8=816 l16=6336 l32=49920 PERSISTENT
SURVIVOR base: 1 1 1 2 8 11 18 38 40 46 47 48 56 58 15 l2=21 tight=no l4=204 l8=816 l16=6336 l32=49920 PERSISTENT
SURVIVOR base: 1 1 1 2 8 11 18 38 40 46 47 48 56 58 16 l2=27 tight=no l4=216 l8=816 l16=6336 l32=49920 PERSISTENT
SURVIVOR base: 1 1 1 2 8 11 18 38 40 46 47 48 56 58 17 l2=21 tight=no l4=204 l8=816 l16=6336 l32=49920 PERSISTENT
SURVIVOR base: 1 1 1 2 8 11 18 38 40 46 47 48 56 58 18 l2=33 tight=no l4=372 l8=1584 l16=12480 l32=99072 PERSISTENT
SURVIVOR base: 1 1 1 2 8 11 18 38 40 46 47 48 56 58 19 l2=21 tight=no l4=210 l8=816 l16=6336 l32=49920 PERSISTENT
SURVIVOR base: 1 1 1 2 8 11 18 38 40 46 47 48 56 58 20 l2=27 tight=no l4=210 l8=816 l16=6336 l32=49920 PERSISTENT
SURVIVOR base: 1 1 1 2 8 11 18 38 40 46 47 48 56 58 21 l2=21 tight=no l4=210 l8=816 l16=6336 l32=49920 PERSISTENT
SURVIVOR base: 1 1 1 2 8 11 18 38 40 46 47 48 56 58 22 l2=21 tight=no l4=204 l8=816 l16=6336 l32=49920 PERSISTENT
SURVIVOR base: 1 1 1 2 8 11 18 38 40 46 47 48 56 58 23 l2=21 tight=no l4=252 l8=1596 l16=12480 l32=99072 PERSISTENT
SURVIVOR base: 1 1 1 2 8 11 18 38 40 46 47 48 56 58 24 l2=36 tight=no l4=360 l8=1728 l16=6912 l32=52224 PERSISTENT
SURVIVOR base: 1 1 1 2 8 11 18 38 40 46 47 48 56 58 25 l2=27 tight=no l4=294 l8=1584 l16=12480 l32=99072 PERSISTENT
SURVIVOR base: 1 1 1 2 8 11 18 38 40 46 47 48 56 58 26 l2=22 tight=no l4=282 l8=1440 l16=6528 l32=50688 PERSISTENT
SURVIVOR base: 1 1 1 2 8 11 18 38 40 46 47 48 56 58 27 l2=21 tight=no l4=258 l8=1584 l16=12480 l32=99072 PERSISTENT
SURVIVOR base: 1 1 1 2 8 11 18 38 40 46 47 48 56 58 28 l2=22 tight=no l4=276 l8=1440 l16=6528 l32=50688 PERSISTENT
SURVIVOR base: 1 1 1 2 8 11 18 38 40 46 47 48 56 58 29 l2=27 tight=no l4=258 l8=1584 l16=12480 l32=99072 PERSISTENT
SURVIVOR base: 1 1 1 2 8 11 18 38 40 46 47 48 56 58 30 l2=21 tight=no l4=204 l8=816 l16=6336 l32=49920 PERSISTENT
SURVIVOR base: 1 1 1 2 8 11 18 38 40 46 47 48 56 58 31 l2=27 tight=no l4=216 l8=816 l16=6336 l32=49920 PERSISTENT
SURVIVOR base: 1 1 1 2 8 11 18 38 40 46 47 48 56 58 32 l2=21 tight=no l4=210 l8=816 l16=6336 l32=49920 PERSISTENT
SURVIVOR base: 1 1 1 2 8 11 18 38 40 46 47 48 56 58 33 l2=27 tight=no l4=210 l8=816 l16=6336 l32=49920 PERSISTENT
SURVIVOR base: 1 1 1 2 8 11 18 38 40 46 47 48 56 58 34 l2=21 tight=no l4=204 l8=816 l16=6336 l32=49920 PERSISTENT
SURVIVOR base: 1 1 1 2 8 11 18 38 40 46 47 48 56 58 35 l2=21 tight=no l4=204 l8=816 l16=6336 l32=49920 PERSISTENT
SURVIVOR base: 1 1 1 2 8 11 18 38 40 46 47 48 56 58 36 l2=21 tight=no l4=204 l8=816 l16=6336 l32=49920 PERSISTENT
SURVIVOR base: 1 1 1 2 8 11 18 38 40 46 47 48 56 58 37 l2=39 tight=no l4=384 l8=1584 l16=12480 l32=99072 PERSISTENT
SURVIVOR base: 1 1 1 2 8 11 18 38 40 46 47 48 56 58 38 l2=33 tight=no l4=372 l8=1584 l16=12480 l32=99072 PERSISTENT
SURVIVOR base: 1 1 1 2 8 11 18 38 40 46 47 48 56 58 39 l2=21 tight=no l4=204 l8=816 l16=6336 l32=49920 PERSISTENT
SURVIVOR base: 1 1 1 2 8 11 18 38 40 46 47 48 56 58 40 l2=33 tight=no l4=372 l8=1584 l16=12480 l32=99072 PERSISTENT
SURVIVOR base: 1 1 1 2 8 11 18 38 40 46 47 48 56 58 41 l2=33 tight=no l4=216 l8=816 l16=6336 l32=49920 PERSISTENT
SURVIVOR base: 1 1 1 2 8 11 18 38 40 46 47 48 56 58 42 l2=21 tight=no l4=210 l8=816 l16=6336 l32=49920 PERSISTENT
SURVIVOR base: 1 1 1 2 8 11 18 38 40 46 47 48 56 58 43 l2=21 tight=no l4=204 l8=816 l16=6336 l32=49920 PERSISTENT
SURVIVOR base: 1 1 1 2 8 11 18 38 40 46 47 48 56 58 44 l2=21 tight=no l4=204 l8=816 l16=6336 l32=49920 PERSISTENT
SURVIVOR base: 1 1 1 2 8 11 18 38 40 46 47 48 56 58 45 l2=33 tight=no l4=216 l8=816 l16=6336 l32=49920 PERSISTENT
SURVIVOR base: 1 1 1 2 8 11 18 38 40 46 47 48 56 58 46 l2=33 tight=no l4=372 l8=1584 l16=12480 l32=99072 PERSISTENT
SURVIVOR base: 1 1 1 2 8 11 18 38 40 46 47 48 56 58 47 l2=33 tight=no l4=372 l8=1584 l16=12480 l32=99072 PERSISTENT
SURVIVOR base: 1 1 1 2 8 11 18 38 40 46 47 48 56 58 48 l2=33 tight=no l4=372 l8=1584 l16=12480 l32=99072 PERSISTENT
SURVIVOR base: 1 1 1 2 8 11 18 38 40 46 47 48 56 58 49 l2=27 tight=no l4=210 l8=816 l16=6336 l32=49920 PERSISTENT
SURVIVOR base: 1 1 1 2 8 11 18 38 40 46 47 48 56 58 50 l2=21 tight=no l4=276 l8=1584 l16=12480 l32=99072 PERSISTENT
SURVIVOR base: 1 1 1 2 8 11 18 38 40 46 47 48 56 58 51 l2=22 tight=no l4=276 l8=1440 l16=6528 l32=50688 PERSISTENT
SURVIVOR base: 1 1 1 2 8 11 18 38 40 46 47 48 56 58 52 l2=21 tight=no l4=258 l8=1584 l16=12480 l32=99072 PERSISTENT
SURVIVOR base: 1 1 1 2 8 11 18 38 40 46 47 48 56 58 53 l2=28 tight=no l4=288 l8=1440 l16=6528 l32=50688 PERSISTENT
SURVIVOR base: 1 1 1 2 8 11 18 38 40 46 47 48 56 58 54 l2=21 tight=no l4=252 l8=1596 l16=12480 l32=99072 PERSISTENT
SURVIVOR base: 1 1 1 2 8 11 18 38 40 46 47 48 56 58 55 l2=22 tight=no l4=276 l8=1440 l16=6528 l32=50688 PERSISTENT
SURVIVOR base: 1 1 1 2 8 11 18 38 40 46 47 48 56 58 56 l2=33 tight=no l4=384 l8=1584 l16=12480 l32=99072 PERSISTENT
SURVIVOR base: 1 1 1 2 8 11 18 38 40 46 47 48 56 58 57 l2=27 tight=no l4=216 l8=816 l16=6336 l32=49920 PERSISTENT
SURVIVOR base: 1 1 1 2 8 11 18 38 40 46 47 48 56 58 58 l2=33 tight=no l4=384 l8=1584 l16=12480 l32=99072 PERSISTENT
SURVIVOR base: 1 1 1 2 8 11 18 38 40 46 47 48 56 58 59 l2=34 tight=no l4=240 l8=864 l16=6528 l32=50688 PERSISTENT
SURVIVOR base: 1 1 1 2 8 11 18 38 40 46 47 48 56 58 60 l2=21 tight=no l4=204 l8=816 l16=6336 l32=49920 PERSISTENT
SURVIVOR base: 1 1 1 2 8 11 18 38 40 46 47 48 56 58 61 l2=27 tight=no l4=210 l8=816 l16=6336 l32=49920 PERSISTENT
SURVIVOR base: 1 1 1 2 8 11 18 38 40 46 47 48 56 58 62 l2=21 tight=no l4=204 l8=816 l16=6336 l32=49920 PERSISTENT
SURVIVOR base: 1 1 1 2 8 11 18 38 40 46 47 48 56 58 63 l2=21 tight=no l4=210 l8=816 l16=6336 l32=49920 PERSISTENT
SURVIVOR base: 1 1 1 2 8 11 18 38 40 46 47 48 56 58 64 l2=21 tight=no l4=204 l8=816 l16=6336 l32=49920 PERSISTENT
SURVIVOR base: 1 1 1 2 8 11 18 38 40 46 47 48 56 58 65 l2=27 tight=no l4=210 l8=816 l16=6336 l32=49920 PERSISTENT
SURVIVOR base: 1 1 1 4 5 7 13 18 54 56 57 58 60 64 1 l2=10 tight=no l4=128 l8=928 l16=7808 l32=64000 PERSISTENT
SURVIVOR base: 1 1 1 4 5 7 13 18 54 56 57 58 60 64 2 l2=15 tight=no l4=90 l8=720 l16=5952 l32=48384 PERSISTENT
SURVIVOR base: 1 1 1 4 5 7 13 18 54 56 57 58 60 64 3 l2=9 tight=no l4=102 l8=732 l16=5952 l32=48384 PERSISTENT
SURVIVOR base: 1 1 1 4 5 7 13 18 54 56 57 58 60 64 4 l2=15 tight=no l4=156 l8=1416 l16=11712 l32=96000 PERSISTENT
SURVIVOR base: 1 1 1 4 5 7 13 18 54 56 57 58 60 64 5 l2=15 tight=no l4=168 l8=1392 l16=11712 l32=96000 PERSISTENT
SURVIVOR base: 1 1 1 4 5 7 13 18 54 56 57 58 60 64 6 l2=9 tight=no l4=96 l8=720 l16=5952 l32=48384 PERSISTENT
SURVIVOR base: 1 1 1 4 5 7 13 18 54 56 57 58 60 64 7 l2=29 tight=no l4=180 l8=1488 l16=12096 l32=97536 PERSISTENT
SURVIVOR base: 1 1 1 4 5 7 13 18 54 56 57 58 60 64 8 l2=16 tight=no l4=96 l8=768 l16=6144 l32=49152 PERSISTENT
SURVIVOR base: 1 1 1 4 5 7 13 18 54 56 57 58 60 64 9 l2=9 tight=no l4=84 l8=720 l16=5952 l32=48384 PERSISTENT
SURVIVOR base: 1 1 1 4 5 7 13 18 54 56 57 58 60 64 10 l2=9 tight=no l4=84 l8=720 l16=5952 l32=48384 PERSISTENT
SURVIVOR base: 1 1 1 4 5 7 13 18 54 56 57 58 60 64 11 l2=9 tight=no l4=96 l8=732 l16=5952 l32=48384 PERSISTENT
SURVIVOR base: 1 1 1 4 5 7 13 18 54 56 57 58 60 64 12 l2=9 tight=no l4=96 l8=720 l16=5952 l32=48384 PERSISTENT
SURVIVOR base: 1 1 1 4 5 7 13 18 54 56 57 58 60 64 13 l2=15 tight=no l4=156 l8=1392 l16=11712 l32=96000 PERSISTENT
SURVIVOR base: 1 1 1 4 5 7 13 18 54 56 57 58 60 64 14 l2=15 tight=no l4=156 l8=1392 l16=11712 l32=96000 PERSISTENT
SURVIVOR base: 1 1 1 4 5 7 13 18 54 56 57 58 60 64 15 l2=15 tight=no l4=156 l8=1392 l16=11712 l32=96000 PERSISTENT
SURVIVOR base: 1 1 1 4 5 7 13 18 54 56 57 58 60 64 16 l2=9 tight=no l4=84 l8=720 l16=5952 l32=48384 PERSISTENT
SURVIVOR base: 1 1 1 4 5 7 13 18 54 56 57 58 60 64 17 l2=9 tight=no l4=96 l8=720 l16=5952 l32=48384 PERSISTENT
SURVIVOR base: 1 1 1 4 5 7 13 18 54 56 57 58 60 64 18 l2=15 tight=no l4=156 l8=1416 l16=11712 l32=96000 PERSISTENT
SURVIVOR base: 1 1 1 4 5 7 13 18 54 56 57 58 60 64 19 l2=9 tight=no l4=84 l8=732 l16=5952 l32=48384 PERSISTENT
SURVIVOR base: 1 1 1 4 5 7 13 18 54 56 57 58 60 64 20 l2=16 tight=no l4=96 l8=768 l16=6144 l32=49152 PERSISTENT
SURVIVOR base: 1 1 1 4 5 7 13 18 54 56 57 58 60 64 21 l2=16 tight=no l4=96 l8=768 l16=6144 l32=49152 PERSISTENT
SURVIVOR base: 1 1 1 4 5 7 13 18 54 56 57 58 60 64 22 l2=16 tight=no l4=96 l8=768 l16=6144 l32=49152 PERSISTENT
SURVIVOR base: 1 1 1 4 5 7 13 18 54 56 57 58 60 64 23 l2=9 tight=no l4=96 l8=720 l16=5952 l32=48384 PERSISTENT
SURVIVOR base: 1 1 1 4 5 7 13 18 54 56 57 58 60 64 24 l2=9 tight=no l4=84 l8=720 l16=5952 l32=48384 PERSISTENT
SURVIVOR base: 1 1 1 4 5 7 13 18 54 56 57 58 60 64 25 l2=9 tight=no l4=84 l8=732 l16=5952 l32=48384 PERSISTENT
SURVIVOR base: 1 1 1 4 5 7 13 18 54 56 57 58 60 64 26 l2=9 tight=no l4=84 l8=732 l16=5952 l32=48384 PERSISTENT
SURVIVOR base: 1 1 1 4 5 7 13 18 54 56 57 58 60 64 27 l2=15 tight=no l4=84 l8=720 l16=5952 l32=48384 PERSISTENT
SURVIVOR base: 1 1 1 4 5 7 13 18 54 56 57 58 60 64 28 l2=9 tight=no l4=102 l8=720 l16=5952 l32=48384 PERSISTENT
SURVIVOR base: 1 1 1 4 5 7 13 18 54 56 57 58 60 64 29 l2=15 tight=no l4=174 l8=1392 l16=11712 l32=96000 PERSISTENT
SURVIVOR base: 1 1 1 4 5 7 13 18 54 56 57 58 60 64 30 l2=15 tight=no l4=156 l8=1392 l16=11712 l32=96000 PERSISTENT
SURVIVOR base: 1 1 1 4 5 7 13 18 54 56 57 58 60 64 31 l2=9 tight=no l4=84 l8=720 l16=5952 l32=48384 PERSISTENT
SURVIVOR base: 1 1 1 4 5 7 13 18 54 56 57 58 60 64 32 l2=9 tight=no l4=84 l8=732 l16=5952 l32=48384 PERSISTENT
SURVIVOR base: 1 1 1 4 5 7 13 18 54 56 57 58 60 64 33 l2=9 tight=no l4=84 l8=732 l16=5952 l32=48384 PERSISTENT
SURVIVOR base: 1 1 1 4 5 7 13 18 54 56 57 58 60 64 34 l2=9 tight=no l4=96 l8=720 l16=5952 l32=48384 PERSISTENT
SURVIVOR base: 1 1 1 4 5 7 13 18 54 56 57 58 60 64 35 l2=9 tight=no l4=84 l8=720 l16=5952 l32=48384 PERSISTENT
SURVIVOR base: 1 1 1 4 5 7 13 18 54 56 57 58 60 64 36 l2=16 tight=no l4=96 l8=768 l16=6144 l32=49152 PERSISTENT
SURVIVOR base: 1 1 1 4 5 7 13 18 54 56 57 58 60 64 37 l2=30 tight=no l4=120 l8=864 l16=6528 l32=50688 PERSISTENT
SURVIVOR base: 1 1 1 4 5 7 13 18 54 56 57 58 60 64 38 l2=9 tight=no l4=84 l8=720 l16=5952 l32=48384 PERSISTENT
SURVIVOR base: 1 1 1 4 5 7 13 18 54 56 57 58 60 64 39 l2=9 tight=no l4=84 l8=720 l16=5952 l32=48384 PERSISTENT
SURVIVOR base: 1 1 1 4 5 7 13 18 54 56 57 58 60 64 40 l2=9 tight=no l4=96 l8=732 l16=5952 l32=48384 PERSISTENT
SURVIVOR base: 1 1 1 4 5 7 13 18 54 56 57 58 60 64 41 l2=9 tight=no l4=84 l8=720 l16=5952 l32=48384 PERSISTENT
SURVIVOR base: 1 1 1 4 5 7 13 18 54 56 57 58 60 64 42 l2=9 tight=no l4=84 l8=720 l16=5952 l32=48384 PERSISTENT
SURVIVOR base: 1 1 1 4 5 7 13 18 54 56 57 58 60 64 43 l2=22 tight=no l4=174 l8=1440 l16=11904 l32=96768 PERSISTENT
SURVIVOR base: 1 1 1 4 5 7 13 18 54 56 57 58 60 64 44 l2=22 tight=no l4=174 l8=1440 l16=11904 l32=96768 PERSISTENT
SURVIVOR base: 1 1 1 4 5 7 13 18 54 56 57 58 60 64 45 l2=9 tight=no l4=96 l8=720 l16=5952 l32=48384 PERSISTENT
SURVIVOR base: 1 1 1 4 5 7 13 18 54 56 57 58 60 64 46 l2=9 tight=no l4=96 l8=720 l16=5952 l32=48384 PERSISTENT
SURVIVOR base: 1 1 1 4 5 7 13 18 54 56 57 58 60 64 47 l2=9 tight=no l4=84 l8=732 l16=5952 l32=48384 PERSISTENT
SURVIVOR base: 1 1 1 4 5 7 13 18 54 56 57 58 60 64 48 l2=9 tight=no l4=84 l8=732 l16=5952 l32=48384 PERSISTENT
SURVIVOR base: 1 1 1 4 5 7 13 18 54 56 57 58 60 64 49 l2=9 tight=no l4=84 l8=720 l16=5952 l32=48384 PERSISTENT
SURVIVOR base: 1 1 1 4 5 7 13 18 54 56 57 58 60 64 50 l2=9 tight=no l4=84 l8=720 l16=5952 l32=48384 PERSISTENT
SURVIVOR base: 1 1 1 4 5 7 13 18 54 56 57 58 60 64 51 l2=16 tight=no l4=108 l8=768 l16=6144 l32=49152 PERSISTENT
SURVIVOR base: 1 1 1 4 5 7 13 18 54 56 57 58 60 64 52 l2=9 tight=no l4=84 l8=720 l16=5952 l32=48384 PERSISTENT
SURVIVOR base: 1 1 1 4 5 7 13 18 54 56 57 58 60 64 53 l2=9 tight=no l4=90 l8=720 l16=5952 l32=48384 PERSISTENT
SURVIVOR base: 1 1 1 4 5 7 13 18 54 56 57 58 60 64 54 l2=15 tight=no l4=156 l8=1416 l16=11712 l32=96000 PERSISTENT
SURVIVOR base: 1 1 1 4 5 7 13 18 54 56 57 58 60 64 55 l2=9 tight=no l4=84 l8=732 l16=5952 l32=48384 PERSISTENT
SURVIVOR base: 1 1 1 4 5 7 13 18 54 56 57 58 60 64 56 l2=15 tight=no l4=156 l8=1392 l16=11712 l32=96000 PERSISTENT
SURVIVOR base: 1 1 1 4 5 7 13 18 54 56 57 58 60 64 57 l2=15 tight=no l4=180 l8=1392 l16=11712 l32=96000 PERSISTENT
SURVIVOR base: 1 1 1 4 5 7 13 18 54 56 57 58 60 64 58 l2=15 tight=no l4=156 l8=1392 l16=11712 l32=96000 PERSISTENT
SURVIVOR base: 1 1 1 4 5 7 13 18 54 56 57 58 60 64 59 l2=15 tight=no l4=156 l8=1392 l16=11712 l32=96000 PERSISTENT
SURVIVOR base: 1 1 1 4 5 7 13 18 54 56 57 58 60 64 60 l2=15 tight=no l4=156 l8=1392 l16=11712 l32=96000 PERSISTENT
SURVIVOR base: 1 1 1 4 5 7 13 18 54 56 57 58 60 64 61 l2=9 tight=no l4=84 l8=732 l16=5952 l32=48384 PERSISTENT
SURVIVOR base: 1 1 1 4 5 7 13 18 54 56 57 58 60 64 62 l2=15 tight=no l4=168 l8=1404 l16=11712 l32=96000 PERSISTENT
SURVIVOR base: 1 1 1 4 5 7 13 18 54 56 57 58 60 64 63 l2=9 tight=no l4=96 l8=720 l16=5952 l32=48384 PERSISTENT
SURVIVOR base: 1 1 1 4 5 7 13 18 54 56 57 58 60 64 64 l2=15 tight=no l4=156 l8=1392 l16=11712 l32=96000 PERSISTENT
SURVIVOR base: 1 1 1 4 5 7 13 18 54 56 57 58 60 64 65 l2=16 tight=no l4=96 l8=768 l16=6144 l32=49152 PERSISTENT
SURVIVOR base: 1 1 1 4 9 11 13 25 29 42 48 57 60 62 1 l2=10 tight=no l4=128 l8=928 l16=7808 l32=64000 PERSISTENT
SURVIVOR base: 1 1 1 4 9 11 13 25 29 42 48 57 60 62 2 l2=15 tight=no l4=90 l8=732 l16=5952 l32=48384 PERSISTENT
SURVIVOR base: 1 1 1 4 9 11 13 25 29 42 48 57 60 62 3 l2=9 tight=no l4=120 l8=744 l16=5952 l32=48384 PERSISTENT
SURVIVOR base: 1 1 1 4 9 11 13 25 29 42 48 57 60 62 4 l2=15 tight=no l4=156 l8=1392 l16=11712 l32=96000 PERSISTENT
SURVIVOR base: 1 1 1 4 9 11 13 25 29 42 48 57 60 62 5 l2=23 tight=no l4=138 l8=816 l16=6336 l32=49920 PERSISTENT
SURVIVOR base: 1 1 1 4 9 11 13 25 29 42 48 57 60 62 6 l2=28 tight=no l4=96 l8=768 l16=6144 l32=49152 PERSISTENT
SURVIVOR base: 1 1 1 4 9 11 13 25 29 42 48 57 60 62 7 l2=9 tight=no l4=108 l8=732 l16=5952 l32=48384 PERSISTENT
SURVIVOR base: 1 1 1 4 9 11 13 25 29 42 48 57 60 62 8 l2=9 tight=no l4=84 l8=744 l16=5952 l32=48384 PERSISTENT
SURVIVOR base: 1 1 1 4 9 11 13 25 29 42 48 57 60 62 9 l2=15 tight=no l4=156 l8=1392 l16=11712 l32=96000 PERSISTENT
SURVIVOR base: 1 1 1 4 9 11 13 25 29 42 48 57 60 62 10 l2=15 tight=no l4=156 l8=1392 l16=11712 l32=96000 PERSISTENT
SURVIVOR base: 1 1 1 4 9 11 13 25 29 42 48 57 60 62 11 l2=15 tight=no l4=180 l8=1392 l16=11712 l32=96000 PERSISTENT
SURVIVOR base: 1 1 1 4 9 11 13 25 29 42 48 57 60 62 12 l2=9 tight=no l4=84 l8=732 l16=5952 l32=48384 PERSISTENT
SURVIVOR base: 1 1 1 4 9 11 13 25 29 42 48 57 60 62 13 l2=15 tight=no l4=228 l8=1440 l16=11712 l32=96000 PERSISTENT
SURVIVOR base: 1 1 1 4 9 11 13 25 29 42 48 57 60 62 14 l2=9 tight=no l4=132 l8=732 l16=5952 l32=48384 PERSISTENT
SURVIVOR base: 1 1 1 4 9 11 13 25 29 42 48 57 60 62 15 l2=16 tight=no l4=108 l8=768 l16=6144 l32=49152 PERSISTENT
SURVIVOR base: 1 1 1 4 9 11 13 25 29 42 48 57 60 62 16 l2=16 tight=no l4=96 l8=768 l16=6144 l32=49152 PERSISTENT
SURVIVOR base: 1 1 1 4 9 11 13 25 29 42 48 57 60 62 17 l2=22 tight=no l4=180 l8=1452 l16=11904 l32=96768 PERSISTENT
SURVIVOR base: 1 1 1 4 9 11 13 25 29 42 48 57 60 62 18 l2=9 tight=no l4=84 l8=732 l16=5952 l32=48384 PERSISTENT
SURVIVOR base: 1 1 1 4 9 11 13 25 29 42 48 57 60 62 19 l2=9 tight=no l4=84 l8=732 l16=5952 l32=48384 PERSISTENT
SURVIVOR base: 1 1 1 4 9 11 13 25 29 42 48 57 60 62 20 l2=21 tight=no l4=186 l8=1392 l16=11712 l32=96000 PERSISTENT
SURVIVOR base: 1 1 1 4 9 11 13 25 29 42 48 57 60 62 21 l2=9 tight=no l4=102 l8=720 l16=5952 l32=48384 PERSISTENT
SURVIVOR base: 1 1 1 4 9 11 13 25 29 42 48 57 60 62 22 l2=15 tight=no l4=186 l8=1392 l16=11712 l32=96000 PERSISTENT
SURVIVOR base: 1 1 1 4 9 11 13 25 29 42 48 57 60 62 23 l2=9 tight=no l4=84 l8=732 l16=5952 l32=48384 PERSISTENT
SURVIVOR base: 1 1 1 4 9 11 13 25 29 42 48 57 60 62 24 l2=9 tight=no l4=84 l8=732 l16=5952 l32=48384 PERSISTENT
SURVIVOR base: 1 1 1 4 9 11 13 25 29 42 48 57 60 62 25 l2=29 tight=no l4=180 l8=1512 l16=12096 l32=97536 PERSISTENT
SURVIVOR base: 1 1 1 4 9 11 13 25 29 42 48 57 60 62 26 l2=9 tight=no l4=102 l8=720 l16=5952 l32=48384 PERSISTENT
SURVIVOR base: 1 1 1 4 9 11 13 25 29 42 48 57 60 62 27 l2=16 tight=no l4=126 l8=768 l16=6144 l32=49152 PERSISTENT
SURVIVOR base: 1 1 1 4 9 11 13 25 29 42 48 57 60 62 28 l2=9 tight=no l4=114 l8=732 l16=5952 l32=48384 PERSISTENT
SURVIVOR base: 1 1 1 4 9 11 13 25 29 42 48 57 60 62 29 l2=15 tight=no l4=156 l8=1392 l16=11712 l32=96000 PERSISTENT
SURVIVOR base: 1 1 1 4 9 11 13 25 29 42 48 57 60 62 30 l2=15 tight=no l4=156 l8=1404 l16=11712 l32=96000 PERSISTENT
SURVIVOR base: 1 1 1 4 9 11 13 25 29 42 48 57 60 62 31 l2=9 tight=no l4=96 l8=720 l16=5952 l32=48384 PERSISTENT
SURVIVOR base: 1 1 1 4 9 11 13 25 29 42 48 57 60 62 32 l2=9 tight=no l4=84 l8=720 l16=5952 l32=48384 PERSISTENT
SURVIVOR base: 1 1 1 4 9 11 13 25 29 42 48 57 60 62 33 l2=16 tight=no l4=168 l8=1452 l16=11904 l32=96768 PERSISTENT
SURVIVOR base: 1 1 1 4 9 11 13 25 29 42 48 57 60 62 34 l2=9 tight=no l4=102 l8=720 l16=5952 l32=48384 PERSISTENT
SURVIVOR base: 1 1 1 4 9 11 13 25 29 42 48 57 60 62 35 l2=16 tight=no l4=126 l8=780 l16=6144 l32=49152 PERSISTENT
SURVIVOR base: 1 1 1 4 9 11 13 25 29 42 48 57 60 62 36 l2=9 tight=no l4=96 l8=732 l16=5952 l32=48384 PERSISTENT
SURVIVOR base: 1 1 1 4 9 11 13 25 29 42 48 57 60 62 37 l2=9 tight=no l4=84 l8=720 l16=5952 l32=48384 PERSISTENT
SURVIVOR base: 1 1 1 4 9 11 13 25 29 42 48 57 60 62 38 l2=16 tight=no l4=96 l8=780 l16=6144 l32=49152 PERSISTENT
SURVIVOR base: 1 1 1 4 9 11 13 25 29 42 48 57 60 62 39 l2=9 tight=no l4=132 l8=720 l16=5952 l32=48384 PERSISTENT
SURVIVOR base: 1 1 1 4 9 11 13 25 29 42 48 57 60 62 40 l2=15 tight=no l4=156 l8=1392 l16=11712 l32=96000 PERSISTENT
SURVIVOR base: 1 1 1 4 9 11 13 25 29 42 48 57 60 62 41 l2=9 tight=no l4=108 l8=732 l16=5952 l32=48384 PERSISTENT
SURVIVOR base: 1 1 1 4 9 11 13 25 29 42 48 57 60 62 42 l2=15 tight=no l4=180 l8=1392 l16=11712 l32=96000 PERSISTENT
SURVIVOR base: 1 1 1 4 9 11 13 25 29 42 48 57 60 62 43 l2=15 tight=no l4=168 l8=1404 l16=11712 l32=96000 PERSISTENT
SURVIVOR base: 1 1 1 4 9 11 13 25 29 42 48 57 60 62 44 l2=15 tight=no l4=162 l8=1392 l16=11712 l32=96000 PERSISTENT
SURVIVOR base: 1 1 1 4 9 11 13 25 29 42 48 57 60 62 45 l2=16 tight=no l4=96 l8=768 l16=6144 l32=49152 PERSISTENT
SURVIVOR base: 1 1 1 4 9 11 13 25 29 42 48 57 60 62 46 l2=9 tight=no l4=84 l8=732 l16=5952 l32=48384 PERSISTENT
SURVIVOR base: 1 1 1 4 9 11 13 25 29 42 48 57 60 62 47 l2=9 tight=no l4=96 l8=732 l16=5952 l32=48384 PERSISTENT
SURVIVOR base: 1 1 1 4 9 11 13 25 29 42 48 57 60 62 48 l2=15 tight=no l4=192 l8=1416 l16=11712 l32=96000 PERSISTENT
SURVIVOR base: 1 1 1 4 9 11 13 25 29 42 48 57 60 62 49 l2=16 tight=no l4=144 l8=768 l16=6144 l32=49152 PERSISTENT
SURVIVOR base: 1 1 1 4 9 11 13 25 29 42 48 57 60 62 50 l2=15 tight=no l4=180 l8=1392 l16=11712 l32=96000 PERSISTENT
SURVIVOR base: 1 1 1 4 9 11 13 25 29 42 48 57 60 62 51 l2=15 tight=no l4=156 l8=1392 l16=11712 l32=96000 PERSISTENT
SURVIVOR base: 1 1 1 4 9 11 13 25 29 42 48 57 60 62 52 l2=9 tight=no l4=102 l8=732 l16=5952 l32=48384 PERSISTENT
SURVIVOR base: 1 1 1 4 9 11 13 25 29 42 48 57 60 62 53 l2=9 tight=no l4=102 l8=732 l16=5952 l32=48384 PERSISTENT
SURVIVOR base: 1 1 1 4 9 11 13 25 29 42 48 57 60 62 54 l2=15 tight=no l4=156 l8=1392 l16=11712 l32=96000 PERSISTENT
SURVIVOR base: 1 1 1 4 9 11 13 25 29 42 48 57 60 62 55 l2=22 tight=no l4=192 l8=1440 l16=11904 l32=96768 PERSISTENT
SURVIVOR base: 1 1 1 4 9 11 13 25 29 42 48 57 60 62 56 l2=16 tight=no l4=126 l8=768 l16=6144 l32=49152 PERSISTENT
SURVIVOR base: 1 1 1 4 9 11 13 25 29 42 48 57 60 62 57 l2=15 tight=no l4=156 l8=1416 l16=11712 l32=96000 PERSISTENT
SURVIVOR base: 1 1 1 4 9 11 13 25 29 42 48 57 60 62 58 l2=9 tight=no l4=84 l8=732 l16=5952 l32=48384 PERSISTENT
SURVIVOR base: 1 1 1 4 9 11 13 25 29 42 48 57 60 62 59 l2=9 tight=no l4=84 l8=720 l16=5952 l32=48384 PERSISTENT
SURVIVOR base: 1 1 1 4 9 11 13 25 29 42 48 57 60 62 60 l2=29 tight=no l4=192 l8=1488 l16=12096 l32=97536 PERSISTENT
SURVIVOR base: 1 1 1 4 9 11 13 25 29 42 48 57 60 62 61 l2=15 tight=no l4=180 l8=1392 l16=11712 l32=96000 PERSISTENT
SURVIVOR base: 1 1 1 4 9 11 13 25 29 42 48 57 60 62 62 l2=15 tight=no l4=192 l8=1392 l16=11712 l32=96000 PERSISTENT
SURVIVOR base: 1 1 1 4 9 11 13 25 29 42 48 57 60 62 63 l2=9 tight=no l4=84 l8=744 l16=5952 l32=48384 PERSISTENT
SURVIVOR base: 1 1 1 4 9 11 13 25 29 42 48 57 60 62 64 l2=9 tight=no l4=96 l8=720 l16=5952 l32=48384 PERSISTENT
SURVIVOR base: 1 1 1 4 9 11 13 25 29 42 48 57 60 62 65 l2=24 tight=no l4=260 l8=3536 l16=51008 l32=769280 PERSISTENT
SURVIVOR base: 1 1 1 4 9 13 17 25 42 44 58 60 62 64 1 l2=10 tight=no l4=128 l8=928 l16=7808 l32=64000 PERSISTENT
SURVIVOR base: 1 1 1 4 9 13 17 25 42 44 58 60 62 64 2 l2=15 tight=no l4=90 l8=720 l16=5952 l32=48384 PERSISTENT
SURVIVOR base: 1 1 1 4 9 13 17 25 42 44 58 60 62 64 3 l2=9 tight=no l4=102 l8=732 l16=5952 l32=48384 PERSISTENT
SURVIVOR base: 1 1 1 4 9 13 17 25 42 44 58 60 62 64 4 l2=15 tight=no l4=156 l8=1392 l16=11712 l32=96000 PERSISTENT
SURVIVOR base: 1 1 1 4 9 13 17 25 42 44 58 60 62 64 5 l2=22 tight=no l4=192 l8=1440 l16=11904 l32=96768 PERSISTENT
SURVIVOR base: 1 1 1 4 9 13 17 25 42 44 58 60 62 64 6 l2=28 tight=no l4=96 l8=768 l16=6144 l32=49152 PERSISTENT
SURVIVOR base: 1 1 1 4 9 13 17 25 42 44 58 60 62 64 7 l2=9 tight=no l4=96 l8=720 l16=5952 l32=48384 PERSISTENT
SURVIVOR base: 1 1 1 4 9 13 17 25 42 44 58 60 62 64 8 l2=15 tight=no l4=108 l8=732 l16=5952 l32=48384 PERSISTENT
SURVIVOR base: 1 1 1 4 9 13 17 25 42 44 58 60 62 64 9 l2=17 tight=no l4=204 l8=1488 l16=12096 l32=97536 PERSISTENT
SURVIVOR base: 1 1 1 4 9 13 17 25 42 44 58 60 62 64 10 l2=22 tight=no l4=168 l8=1440 l16=11904 l32=96768 PERSISTENT
SURVIVOR base: 1 1 1 4 9 13 17 25 42 44 58 60 62 64 11 l2=15 tight=no l4=156 l8=1392 l16=11712 l32=96000 PERSISTENT
SURVIVOR base: 1 1 1 4 9 13 17 25 42 44 58 60 62 64 12 l2=9 tight=no l4=84 l8=720 l16=5952 l32=48384 PERSISTENT
SURVIVOR base: 1 1 1 4 9 13 17 25 42 44 58 60 62 64 13 l2=15 tight=no l4=156 l8=1416 l16=11712 l32=96000 PERSISTENT
SURVIVOR base: 1 1 1 4 9 13 17 25 42 44 58 60 62 64 14 l2=9 tight=no l4=108 l8=732 l16=5952 l32=48384 PERSISTENT
SURVIVOR base: 1 1 1 4 9 13 17 25 42 44 58 60 62 64 15 l2=9 tight=no l4=90 l8=720 l16=5952 l32=48384 PERSISTENT
SURVIVOR base: 1 1 1 4 9 13 17 25 42 44 58 60 62 64 16 l2=16 tight=no l4=96 l8=768 l16=6144 l32=49152 PERSISTENT
SURVIVOR base: 1 1 1 4 9 13 17 25 42 44 58 60 62 64 17 l2=29 tight=no l4=180 l8=1488 l16=12096 l32=97536 PERSISTENT
SURVIVOR base: 1 1 1 4 9 13 17 25 42 44 58 60 62 64 18 l2=10 tight=no l4=104 l8=928 l16=7808 l32=64000 PERSISTENT
SURVIVOR base: 1 1 1 4 9 13 17 25 42 44 58 60 62 64 19 l2=10 tight=no l4=110 l8=940 l16=7808 l32=64000 PERSISTENT
SURVIVOR base: 1 1 1 4 9 13 17 25 42 44 58 60 62 64 20 l2=9 tight=no l4=90 l8=720 l16=5952 l32=48384 PERSISTENT
SURVIVOR base: 1 1 1 4 9 13 17 25 42 44 58 60 62 64 21 l2=9 tight=no l4=84 l8=720 l16=5952 l32=48384 PERSISTENT
SURVIVOR base: 1 1 1 4 9 13 17 25 42 44 58 60 62 64 22 l2=15 tight=no l4=156 l8=1392 l16=11712 l32=96000 PERSISTENT
SURVIVOR base: 1 1 1 4 9 13 17 25 42 44 58 60 62 64 23 l2=9 tight=no l4=84 l8=720 l16=5952 l32=48384 PERSISTENT
SURVIVOR base: 1 1 1 4 9 13 17 25 42 44 58 60 62 64 24 l2=9 tight=no l4=96 l8=732 l16=5952 l32=48384 PERSISTENT
SURVIVOR base: 1 1 1 4 9 13 17 25 42 44 58 60 62 64 25 l2=15 tight=no l4=156 l8=1416 l16=11712 l32=96000 PERSISTENT
SURVIVOR base: 1 1 1 4 9 13 17 25 42 44 58 60 62 64 26 l2=9 tight=no l4=84 l8=720 l16=5952 l32=48384 PERSISTENT
SURVIVOR base: 1 1 1 4 9 13 17 25 42 44 58 60 62 64 27 l2=17 tight=no l4=108 l8=816 l16=6336 l32=49920 PERSISTENT
SURVIVOR base: 1 1 1 4 9 13 17 25 42 44 58 60 62 64 28 l2=10 tight=no l4=96 l8=768 l16=6144 l32=49152 PERSISTENT
SURVIVOR base: 1 1 1 4 9 13 17 25 42 44 58 60 62 64 29 l2=10 tight=no l4=114 l8=768 l16=6144 l32=49152 PERSISTENT
SURVIVOR base: 1 1 1 4 9 13 17 25 42 44 58 60 62 64 30 l2=9 tight=no l4=84 l8=732 l16=5952 l32=48384 PERSISTENT
SURVIVOR base: 1 1 1 4 9 13 17 25 42 44 58 60 62 64 31 l2=9 tight=no l4=84 l8=720 l16=5952 l32=48384 PERSISTENT
SURVIVOR base: 1 1 1 4 9 13 17 25 42 44 58 60 62 64 32 l2=15 tight=no l4=156 l8=1392 l16=11712 l32=96000 PERSISTENT
SURVIVOR base: 1 1 1 4 9 13 17 25 42 44 58 60 62 64 33 l2=15 tight=no l4=156 l8=1392 l16=11712 l32=96000 PERSISTENT
SURVIVOR base: 1 1 1 4 9 13 17 25 42 44 58 60 62 64 34 l2=21 tight=no l4=126 l8=720 l16=5952 l32=48384 PERSISTENT
SURVIVOR base: 1 1 1 4 9 13 17 25 42 44 58 60 62 64 35 l2=9 tight=no l4=84 l8=732 l16=5952 l32=48384 PERSISTENT
SURVIVOR base: 1 1 1 4 9 13 17 25 42 44 58 60 62 64 36 l2=9 tight=no l4=84 l8=732 l16=5952 l32=48384 PERSISTENT
SURVIVOR base: 1 1 1 4 9 13 17 25 42 44 58 60 62 64 37 l2=10 tight=no l4=104 l8=928 l16=7808 l32=64000 PERSISTENT
SURVIVOR base: 1 1 1 4 9 13 17 25 42 44 58 60 62 64 38 l2=17 tight=no l4=116 l8=976 l16=8000 l32=64768 PERSISTENT
SURVIVOR base: 1 1 1 4 9 13 17 25 42 44 58 60 62 64 39 l2=9 tight=no l4=90 l8=720 l16=5952 l32=48384 PERSISTENT
SURVIVOR base: 1 1 1 4 9 13 17 25 42 44 58 60 62 64 40 l2=9 tight=no l4=84 l8=720 l16=5952 l32=48384 PERSISTENT
SURVIVOR base: 1 1 1 4 9 13 17 25 42 44 58 60 62 64 41 l2=9 tight=no l4=84 l8=732 l16=5952 l32=48384 PERSISTENT
SURVIVOR base: 1 1 1 4 9 13 17 25 42 44 58 60 62 64 42 l2=15 tight=no l4=156 l8=1392 l16=11712 l32=96000 PERSISTENT
SURVIVOR base: 1 1 1 4 9 13 17 25 42 44 58 60 62 64 43 l2=15 tight=no l4=156 l8=1392 l16=11712 l32=96000 PERSISTENT
SURVIVOR base: 1 1 1 4 9 13 17 25 42 44 58 60 62 64 44 l2=15 tight=no l4=168 l8=1392 l16=11712 l32=96000 PERSISTENT
SURVIVOR base: 1 1 1 4 9 13 17 25 42 44 58 60 62 64 45 l2=9 tight=no l4=84 l8=720 l16=5952 l32=48384 PERSISTENT
SURVIVOR base: 1 1 1 4 9 13 17 25 42 44 58 60 62 64 46 l2=10 tight=no l4=96 l8=780 l16=6144 l32=49152 PERSISTENT
SURVIVOR base: 1 1 1 4 9 13 17 25 42 44 58 60 62 64 47 l2=10 tight=no l4=96 l8=780 l16=6144 l32=49152 PERSISTENT
SURVIVOR base: 1 1 1 4 9 13 17 25 42 44 58 60 62 64 48 l2=9 tight=no l4=90 l8=720 l16=5952 l32=48384 PERSISTENT
SURVIVOR base: 1 1 1 4 9 13 17 25 42 44 58 60 62 64 49 l2=16 tight=no l4=102 l8=768 l16=6144 l32=49152 PERSISTENT
SURVIVOR base: 1 1 1 4 9 13 17 25 42 44 58 60 62 64 50 l2=9 tight=no l4=84 l8=720 l16=5952 l32=48384 PERSISTENT
SURVIVOR base: 1 1 1 4 9 13 17 25 42 44 58 60 62 64 51 l2=15 tight=no l4=84 l8=720 l16=5952 l32=48384 PERSISTENT
SURVIVOR base: 1 1 1 4 9 13 17 25 42 44 58 60 62 64 52 l2=16 tight=no l4=96 l8=780 l16=6144 l32=49152 PERSISTENT
SURVIVOR base: 1 1 1 4 9 13 17 25 42 44 58 60 62 64 53 l2=9 tight=no l4=90 l8=720 l16=5952 l32=48384 PERSISTENT
SURVIVOR base: 1 1 1 4 9 13 17 25 42 44 58 60 62 64 54 l2=15 tight=no l4=156 l8=1392 l16=11712 l32=96000 PERSISTENT
SURVIVOR base: 1 1 1 4 9 13 17 25 42 44 58 60 62 64 55 l2=16 tight=no l4=176 l8=1600 l16=13568 l32=111616 PERSISTENT
SURVIVOR base: 1 1 1 4 9 13 17 25 42 44 58 60 62 64 56 l2=10 tight=no l4=104 l8=928 l16=7808 l32=64000 PERSISTENT
SURVIVOR base: 1 1 1 4 9 13 17 25 42 44 58 60 62 64 57 l2=10 tight=no l4=104 l8=940 l16=7808 l32=64000 PERSISTENT
SURVIVOR base: 1 1 1 4 9 13 17 25 42 44 58 60 62 64 58 l2=15 tight=no l4=156 l8=1392 l16=11712 l32=96000 PERSISTENT
SURVIVOR base: 1 1 1 4 9 13 17 25 42 44 58 60 62 64 59 l2=9 tight=no l4=84 l8=720 l16=5952 l32=48384 PERSISTENT
SURVIVOR base: 1 1 1 4 9 13 17 25 42 44 58 60 62 64 60 l2=29 tight=no l4=180 l8=1488 l16=12096 l32=97536 PERSISTENT
SURVIVOR base: 1 1 1 4 9 13 17 25 42 44 58 60 62 64 61 l2=16 tight=no l4=102 l8=768 l16=6144 l32=49152 PERSISTENT
SURVIVOR base: 1 1 1 4 9 13 17 25 42 44 58 60 62 64 62 l2=15 tight=no l4=156 l8=1392 l16=11712 l32=96000 PERSISTENT
SURVIVOR base: 1 1 1 4 9 13 17 25 42 44 58 60 62 64 63 l2=21 tight=no l4=156 l8=1404 l16=11712 l32=96000 PERSISTENT
SURVIVOR base: 1 1 1 4 9 13 17 25 42 44 58 60 62 64 64 l2=15 tight=no l4=156 l8=1392 l16=11712 l32=96000 PERSISTENT
SURVIVOR base: 1 1 1 4 9 13 17 25 42 44 58 60 62 64 65 l2=16 tight=no l4=180 l8=1440 l16=11904 l32=96768 PERSISTENT
SURVIVOR base: 1 1 1 5 8 9 14 17 22 30 31 35 49 52 1 l2=10 tight=no l4=128 l8=928 l16=7808 l32=64000 PERSISTENT
SURVIVOR base: 1 1 1 5 8 9 14 17 22 30 31 35 49 52 2 l2=9 tight=no l4=90 l8=720 l16=5952 l32=48384 PERSISTENT
SURVIVOR base: 1 1 1 5 8 9 14 17 22 30 31 35 49 52 3 l2=9 tight=no l4=96 l8=720 l16=5952 l32=48384 PERSISTENT
SURVIVOR base: 1 1 1 5 8 9 14 17 22 30 31 35 49 52 4 l2=9 tight=no l4=126 l8=720 l16=5952 l32=48384 PERSISTENT
SURVIVOR base: 1 1 1 5 8 9 14 17 22 30 31 35 49 52 5 l2=29 tight=no l4=180 l8=1488 l16=12096 l32=97536 PERSISTENT
SURVIVOR base: 1 1 1 5 8 9 14 17 22 30 31 35 49 52 6 l2=9 tight=no l4=90 l8=720 l16=5952 l32=48384 PERSISTENT
SURVIVOR base: 1 1 1 5 8 9 14 17 22 30 31 35 49 52 7 l2=9 tight=no l4=84 l8=720 l16=5952 l32=48384 PERSISTENT
SURVIVOR base: 1 1 1 5 8 9 14 17 22 30 31 35 49 52 8 l2=27 tight=no l4=156 l8=1392 l16=11712 l32=96000 PERSISTENT
SURVIVOR base: 1 1 1 5 8 9 14 17 22 30 31 35 49 52 9 l2=15 tight=no l4=192 l8=1392 l16=11712 l32=96000 PERSISTENT
SURVIVOR base: 1 1 1 5 8 9 14 17 22 30 31 35 49 52 10 l2=15 tight=no l4=108 l8=720 l16=5952 l32=48384 PERSISTENT
SURVIVOR base: 1 1 1 5 8 9 14 17 22 30 31 35 49 52 11 l2=9 tight=no l4=84 l8=720 l16=5952 l32=48384 PERSISTENT
SURVIVOR base: 1 1 1 5 8 9 14 17 22 30 31 35 49 52 12 l2=9 tight=no l4=90 l8=720 l16=5952 l32=48384 PERSISTENT
SURVIVOR base: 1 1 1 5 8 9 14 17 22 30 31 35 49 52 13 l2=27 tight=no l4=234 l8=720 l16=5952 l32=48384 PERSISTENT
SURVIVOR base: 1 1 1 5 8 9 14 17 22 30 31 35 49 52 14 l2=15 tight=no l4=204 l8=1392 l16=11712 l32=96000 PERSISTENT
SURVIVOR base: 1 1 1 5 8 9 14 17 22 30 31 35 49 52 15 l2=9 tight=no l4=84 l8=720 l16=5952 l32=48384 PERSISTENT
SURVIVOR base: 1 1 1 5 8 9 14 17 22 30 31 35 49 52 16 l2=9 tight=no l4=84 l8=720 l16=5952 l32=48384 PERSISTENT
SURVIVOR base: 1 1 1 5 8 9 14 17 22 30 31 35 49 52 17 l2=15 tight=no l4=180 l8=1392 l16=11712 l32=96000 PERSISTENT
SURVIVOR base: 1 1 1 5 8 9 14 17 22 30 31 35 49 52 18 l2=15 tight=no l4=96 l8=720 l16=5952 l32=48384 PERSISTENT
SURVIVOR base: 1 1 1 5 8 9 14 17 22 30 31 35 49 52 19 l2=9 tight=no l4=102 l8=720 l16=5952 l32=48384 PERSISTENT
SURVIVOR base: 1 1 1 5 8 9 14 17 22 30 31 35 49 52 20 l2=9 tight=no l4=84 l8=720 l16=5952 l32=48384 PERSISTENT
SURVIVOR base: 1 1 1 5 8 9 14 17 22 30 31 35 49 52 21 l2=9 tight=no l4=84 l8=720 l16=5952 l32=48384 PERSISTENT
SURVIVOR base: 1 1 1 5 8 9 14 17 22 30 31 35 49 52 22 l2=15 tight=no l4=180 l8=1392 l16=11712 l32=96000 PERSISTENT
SURVIVOR base: 1 1 1 5 8 9 14 17 22 30 31 35 49 52 23 l2=15 tight=no l4=120 l8=720 l16=5952 l32=48384 PERSISTENT
SURVIVOR base: 1 1 1 5 8 9 14 17 22 30 31 35 49 52 24 l2=9 tight=no l4=84 l8=720 l16=5952 l32=48384 PERSISTENT
SURVIVOR base: 1 1 1 5 8 9 14 17 22 30 31 35 49 52 25 l2=9 tight=no l4=84 l8=720 l16=5952 l32=48384 PERSISTENT
SURVIVOR base: 1 1 1 5 8 9 14 17 22 30 31 35 49 52 26 l2=27 tight=no l4=234 l8=720 l16=5952 l32=48384 PERSISTENT
SURVIVOR base: 1 1 1 5 8 9 14 17 22 30 31 35 49 52 27 l2=9 tight=no l4=102 l8=720 l16=5952 l32=48384 PERSISTENT
SURVIVOR base: 1 1 1 5 8 9 14 17 22 30 31 35 49 52 28 l2=15 tight=no l4=102 l8=720 l16=5952 l32=48384 PERSISTENT
SURVIVOR base: 1 1 1 5 8 9 14 17 22 30 31 35 49 52 29 l2=9 tight=no l4=90 l8=720 l16=5952 l32=48384 PERSISTENT
SURVIVOR base: 1 1 1 5 8 9 14 17 22 30 31 35 49 52 30 l2=15 tight=no l4=156 l8=1392 l16=11712 l32=96000 PERSISTENT
SURVIVOR base: 1 1 1 5 8 9 14 17 22 30 31 35 49 52 31 l2=27 tight=no l4=156 l8=1392 l16=11712 l32=96000 PERSISTENT
SURVIVOR base: 1 1 1 5 8 9 14 17 22 30 31 35 49 52 32 l2=9 tight=no l4=108 l8=720 l16=5952 l32=48384 PERSISTENT
SURVIVOR base: 1 1 1 5 8 9 14 17 22 30 31 35 49 52 33 l2=9 tight=no l4=84 l8=720 l16=5952 l32=48384 PERSISTENT
SURVIVOR base: 1 1 1 5 8 9 14 17 22 30 31 35 49 52 34 l2=9 tight=no l4=84 l8=720 l16=5952 l32=48384 PERSISTENT
SURVIVOR base: 1 1 1 5 8 9 14 17 22 30 31 35 49 52 35 l2=15 tight=no l4=168 l8=1392 l16=11712 l32=96000 PERSISTENT
SURVIVOR base: 1 1 1 5 8 9 14 17 22 30 31 35 49 52 36 l2=15 tight=no l4=114 l8=720 l16=5952 l32=48384 PERSISTENT
SURVIVOR base: 1 1 1 5 8 9 14 17 22 30 31 35 49 52 37 l2=9 tight=no l4=96 l8=720 l16=5952 l32=48384 PERSISTENT
SURVIVOR base: 1 1 1 5 8 9 14 17 22 30 31 35 49 52 38 l2=9 tight=no l4=90 l8=720 l16=5952 l32=48384 PERSISTENT
SURVIVOR base: 1 1 1 5 8 9 14 17 22 30 31 35 49 52 39 l2=15 tight=no l4=114 l8=720 l16=5952 l32=48384 PERSISTENT
SURVIVOR base: 1 1 1 5 8 9 14 17 22 30 31 35 49 52 40 l2=9 tight=no l4=102 l8=720 l16=5952 l32=48384 PERSISTENT
SURVIVOR base: 1 1 1 5 8 9 14 17 22 30 31 35 49 52 41 l2=15 tight=no l4=102 l8=720 l16=5952 l32=48384 PERSISTENT
SURVIVOR base: 1 1 1 5 8 9 14 17 22 30 31 35 49 52 42 l2=9 tight=no l4=90 l8=720 l16=5952 l32=48384 PERSISTENT
SURVIVOR base: 1 1 1 5 8 9 14 17 22 30 31 35 49 52 43 l2=9 tight=no l4=90 l8=720 l16=5952 l32=48384 PERSISTENT
SURVIVOR base: 1 1 1 5 8 9 14 17 22 30 31 35 49 52 44 l2=9 tight=no l4=108 l8=720 l16=5952 l32=48384 PERSISTENT
SURVIVOR base: 1 1 1 5 8 9 14 17 22 30 31 35 49 52 45 l2=9 tight=no l4=108 l8=720 l16=5952 l32=48384 PERSISTENT
SURVIVOR base: 1 1 1 5 8 9 14 17 22 30 31 35 49 52 46 l2=15 tight=no l4=126 l8=720 l16=5952 l32=48384 PERSISTENT
SURVIVOR base: 1 1 1 5 8 9 14 17 22 30 31 35 49 52 47 l2=9 tight=no l4=90 l8=720 l16=5952 l32=48384 PERSISTENT
SURVIVOR base: 1 1 1 5 8 9 14 17 22 30 31 35 49 52 48 l2=9 tight=no l4=90 l8=720 l16=5952 l32=48384 PERSISTENT
SURVIVOR base: 1 1 1 5 8 9 14 17 22 30 31 35 49 52 49 l2=15 tight=no l4=156 l8=1392 l16=11712 l32=96000 PERSISTENT
SURVIVOR base: 1 1 1 5 8 9 14 17 22 30 31 35 49 52 50 l2=21 tight=no l4=192 l8=1392 l16=11712 l32=96000 PERSISTENT
SURVIVOR base: 1 1 1 5 8 9 14 17 22 30 31 35 49 52 51 l2=9 tight=no l4=84 l8=720 l16=5952 l32=48384 PERSISTENT
SURVIVOR base: 1 1 1 5 8 9 14 17 22 30 31 35 49 52 52 l2=15 tight=no l4=156 l8=1392 l16=11712 l32=96000 PERSISTENT
SURVIVOR base: 1 1 1 5 8 9 14 17 22 30 31 35 49 52 53 l2=9 tight=no l4=84 l8=720 l16=5952 l32=48384 PERSISTENT
SURVIVOR base: 1 1 1 5 8 9 14 17 22 30 31 35 49 52 54 l2=15 tight=no l4=90 l8=720 l16=5952 l32=48384 PERSISTENT
SURVIVOR base: 1 1 1 5 8 9 14 17 22 30 31 35 49 52 55 l2=9 tight=no l4=102 l8=720 l16=5952 l32=48384 PERSISTENT
SURVIVOR base: 1 1 1 5 8 9 14 17 22 30 31 35 49 52 56 l2=9 tight=no l4=84 l8=720 l16=5952 l32=48384 PERSISTENT
SURVIVOR base: 1 1 1 5 8 9 14 17 22 30 31 35 49 52 57 l2=9 tight=no l4=90 l8=720 l16=5952 l32=48384 PERSISTENT
SURVIVOR base: 1 1 1 5 8 9 14 17 22 30 31 35 49 52 58 l2=9 tight=no l4=102 l8=720 l16=5952 l32=48384 PERSISTENT
SURVIVOR base: 1 1 1 5 8 9 14 17 22 30 31 35 49 52 59 l2=15 tight=no l4=114 l8=720 l16=5952 l32=48384 PERSISTENT
SURVIVOR base: 1 1 1 5 8 9 14 17 22 30 31 35 49 52 60 l2=9 tight=no l4=84 l8=720 l16=5952 l32=48384 PERSISTENT
SURVIVOR base: 1 1 1 5 8 9 14 17 22 30 31 35 49 52 61 l2=9 tight=no l4=90 l8=720 l16=5952 l32=48384 PERSISTENT
SURVIVOR base: 1 1 1 5 8 9 14 17 22 30 31 35 49 52 62 l2=9 tight=no l4=90 l8=720 l16=5952 l32=48384 PERSISTENT
SURVIVOR base: 1 1 1 5 8 9 14 17 22 30 31 35 49 52 63 l2=9 tight=no l4=102 l8=720 l16=5952 l32=48384 PERSISTENT
SURVIVOR base: 1 1 1 5 8 9 14 17 22 30 31 35 49 52 64 l2=15 tight=no l4=90 l8=720 l16=5952 l32=48384 PERSISTENT
SURVIVOR base: 1 1 1 5 8 9 14 17 22 30 31 35 49 52 65 l2=9 tight=no l4=84 l8=720 l16=5952 l32=48384 PERSISTENT
SURVIVOR base: 1 1 1 5 12 18 20 23 35 49 53 55 56 58 1 l2=10 tight=no l4=128 l8=928 l16=7808 l32=64000 PERSISTENT
SURVIVOR base: 1 1 1 5 12 18 20 23 35 49 53 55 56 58 2 l2=16 tight=no l4=110 l8=928 l16=7808 l32=64000 PERSISTENT
SURVIVOR base: 1 1 1 5 12 18 20 23 35 49 53 55 56 58 3 l2=9 tight=no l4=96 l8=720 l16=5952 l32=48384 PERSISTENT
SURVIVOR base: 1 1 1 5 12 18 20 23 35 49 53 55 56 58 4 l2=9 tight=no l4=84 l8=720 l16=5952 l32=48384 PERSISTENT
SURVIVOR base: 1 1 1 5 12 18 20 23 35 49 53 55 56 58 5 l2=15 tight=no l4=156 l8=1392 l16=11712 l32=96000 PERSISTENT
