SURVIVOR base: 1 3 7 8 11 18 19 20 23 26 34 41 43 47 1 l2=3 tight=no l4=8 l8=32 l16=128 l32=512 PERSISTENT
SURVIVOR base: 1 3 7 8 11 18 19 20 23 26 34 41 43 47 2 l2=4 tight=no l4=4 l8=16 l16=64 l32=256 PERSISTENT
SURVIVOR base: 1 3 7 8 11 18 19 20 23 26 34 41 43 47 3 l2=7 tight=no l4=8 l8=32 l16=128 l32=512 PERSISTENT
SURVIVOR base: 1 3 7 8 11 18 19 20 23 26 34 41 43 47 4 l2=6 tight=no l4=4 l8=16 l16=64 l32=256 PERSISTENT
SURVIVOR base: 1 3 7 8 11 18 19 20 23 26 34 41 43 47 5 l2=5 tight=no l4=4 l8=16 l16=64 l32=256 PERSISTENT
SURVIVOR base: 1 3 7 8 11 18 19 20 23 26 34 41 43 47 6 l2=5 tight=no l4=4 l8=16 l16=64 l32=256 PERSISTENT
SURVIVOR base: 1 3 7 8 11 18 19 20 23 26 34 41 43 47 7 l2=11 tight=no l4=8 l8=32 l16=128 l32=512 PERSISTENT
SURVIVOR base: 1 3 7 8 11 18 19 20 23 26 34 41 43 47 8 l2=9 tight=no l4=24 l8=32 l16=128 l32=512 PERSISTENT
SURVIVOR base: 1 3 7 8 11 18 19 20 23 26 34 41 43 47 9 l2=8 tight=no l4=12 l8=16 l16=64 l32=256 PERSISTENT
SURVIVOR base: 1 3 7 8 11 18 19 20 23 26 34 41 43 47 10 l2=9 tight=no l4=8 l8=32 l16=128 l32=512 PERSISTENT
SURVIVOR base: 1 3 7 8 11 18 19 20 23 26 34 41 43 47 11 l2=9 tight=no l4=8 l8=32 l16=128 l32=512 PERSISTENT
SURVIVOR base: 1 3 7 8 11 18 19 20 23 26 34 41 43 47 12 l2=6 tight=no l4=4 l8=16 l16=64 l32=256 PERSISTENT
SURVIVOR base: 1 3 7 8 11 18 19 20 23 26 34 41 43 47 13 l2=4 tight=no l4=8 l8=32 l16=128 l32=512 PERSISTENT
SURVIVOR base: 1 3 7 8 11 18 19 20 23 26 34 41 43 47 14 l2=9 tight=no l4=4 l8=16 l16=64 l32=256 PERSISTENT
SURVIVOR base: 1 3 7 8 11 18 19 20 23 26 34 41 43 47 15 l2=4 tight=no l4=8 l8=32 l16=128 l32=512 PERSISTENT
SURVIVOR base: 1 3 7 8 11 18 19 20 23 26 34 41 43 47 16 l2=7 tight=no l4=12 l8=48 l16=192 l32=768 PERSISTENT
SURVIVOR base: 1 3 7 8 11 18 19 20 23 26 34 41 43 47 17 l2=5 tight=no l4=8 l8=32 l16=128 l32=512 PERSISTENT
SURVIVOR base: 1 3 7 8 11 18 19 20 23 26 34 41 43 47 18 l2=15 tight=no l4=8 l8=32 l16=128 l32=512 PERSISTENT
SURVIVOR base: 1 3 7 8 11 18 19 20 23 26 34 41 43 47 19 l2=5 tight=no l4=8 l8=32 l16=128 l32=512 PERSISTENT
SURVIVOR base: 1 3 7 8 11 18 19 20 23 26 34 41 43 47 20 l2=11 tight=no l4=8 l8=32 l16=128 l32=512 PERSISTENT
SURVIVOR base: 1 3 7 8 11 18 19 20 23 26 34 41 43 47 21 l2=17 tight=no l4=4 l8=16 l16=64 l32=256 PERSISTENT
SURVIVOR base: 1 3 7 8 11 18 19 20 23 26 34 41 43 47 22 l2=6 tight=no l4=4 l8=16 l16=64 l32=256 PERSISTENT
SURVIVOR base: 1 3 7 8 11 18 19 20 23 26 34 41 43 47 23 l2=7 tight=no l4=8 l8=32 l16=128 l32=512 PERSISTENT
SURVIVOR base: 1 3 7 8 11 18 19 20 23 26 34 41 43 47 24 l2=7 tight=no l4=12 l8=16 l16=64 l32=256 PERSISTENT
SURVIVOR base: 1 3 7 8 11 18 19 20 23 26 34 41 43 47 25 l2=10 tight=no l4=12 l8=16 l16=64 l32=256 PERSISTENT
SURVIVOR base: 1 3 7 8 11 18 19 20 23 26 34 41 43 47 26 l2=9 tight=no l4=8 l8=32 l16=128 l32=512 PERSISTENT
SURVIVOR base: 1 3 7 8 11 18 19 20 23 26 34 41 43 47 27 l2=5 tight=no l4=8 l8=32 l16=128 l32=512 PERSISTENT
SURVIVOR base: 1 3 7 8 11 18 19 20 23 26 34 41 43 47 28 l2=11 tight=no l4=4 l8=16 l16=64 l32=256 PERSISTENT
SURVIVOR base: 1 3 7 8 11 18 19 20 23 26 34 41 43 47 29 l2=4 tight=no l4=4 l8=16 l16=64 l32=256 PERSISTENT
SURVIVOR base: 1 3 7 8 11 18 19 20 23 26 34 41 43 47 30 l2=6 tight=no l4=8 l8=32 l16=128 l32=512 PERSISTENT
SURVIVOR base: 1 3 7 8 11 18 19 20 23 26 34 41 43 47 31 l2=8 tight=no l4=4 l8=16 l16=64 l32=256 PERSISTENT
SURVIVOR base: 1 3 7 8 11 18 19 20 23 26 34 41 43 47 32 l2=12 tight=no l4=8 l8=32 l16=128 l32=512 PERSISTENT
SURVIVOR base: 1 3 7 8 11 18 19 20 23 26 34 41 43 47 33 l2=5 tight=no l4=8 l8=32 l16=128 l32=512 PERSISTENT
SURVIVOR base: 1 3 7 8 11 18 19 20 23 26 34 41 43 47 34 l2=7 tight=no l4=8 l8=32 l16=128 l32=512 PERSISTENT
SURVIVOR base: 1 3 7 8 11 18 19 20 23 26 34 41 43 47 35 l2=6 tight=no l4=4 l8=16 l16=64 l32=256 PERSISTENT
SURVIVOR base: 1 3 7 8 11 18 19 20 23 26 34 41 43 47 36 l2=7 tight=no l4=8 l8=32 l16=128 l32=512 PERSISTENT
SURVIVOR base: 1 3 7 8 11 18 19 20 23 26 34 41 43 47 37 l2=5 tight=no l4=4 l8=16 l16=64 l32=256 PERSISTENT
SURVIVOR base: 1 3 7 8 11 18 19 20 23 26 34 41 43 47 38 l2=3 tight=no l4=4 l8=16 l16=64 l32=256 PERSISTENT
SURVIVOR base: 1 3 7 8 11 18 19 20 23 26 34 41 43 47 39 l2=6 tight=no l4=4 l8=16 l16=64 l32=256 PERSISTENT
SURVIVOR base: 1 3 7 8 11 18 19 20 23 26 34 41 43 47 40 l2=7 tight=no l4=12 l8=16 l16=64 l32=256 PERSISTENT
SURVIVOR base: 1 3 7 8 11 18 19 20 23 26 34 41 43 47 41 l2=4 tight=no l4=12 l8=16 l16=64 l32=256 PERSISTENT
SURVIVOR base: 1 3 7 8 11 18 19 20 23 26 34 41 43 47 42 l2=5 tight=no l4=4 l8=16 l16=64 l32=256 PERSISTENT
SURVIVOR base: 1 3 7 8 11 18 19 20 23 26 34 41 43 47 43 l2=5 tight=no l4=8 l8=32 l16=128 l32=512 PERSISTENT
SURVIVOR base: 1 3 7 8 11 18 19 20 23 26 34 41 43 47 44 l2=8 tight=no l4=4 l8=16 l16=64 l32=256 PERSISTENT
SURVIVOR base: 1 3 7 8 11 18 19 20 23 26 34 41 43 47 45 l2=4 tight=no l4=4 l8=16 l16=64 l32=256 PERSISTENT
SURVIVOR base: 1 3 7 8 11 18 19 20 23 26 34 41 43 47 46 l2=9 tight=no l4=4 l8=16 l16=64 l32=256 PERSISTENT
SURVIVOR base: 1 3 7 8 11 18 19 20 23 26 34 41 43 47 47 l2=7 tight=no l4=8 l8=32 l16=128 l32=512 PERSISTENT
SURVIVOR base: 1 3 7 8 11 18 19 20 23 26 34 41 43 47 48 l2=7 tight=no l4=4 l8=16 l16=64 l32=256 PERSISTENT
SURVIVOR base: 1 3 7 8 11 18 19 20 23 26 34 41 43 47 49 l2=4 tight=no l4=8 l8=32 l16=128 l32=512 PERSISTENT
SURVIVOR base: 1 3 7 8 11 18 19 20 23 26 34 41 43 47 50 l2=19 tight=no l4=44 l8=308 l16=2240 l32=17152 PERSISTENT
SURVIVOR base: 1 3 7 8 11 18 19 20 23 26 34 41 43 47 51 l2=3 tight=no l4=4 l8=16 l16=64 l32=256 PERSISTENT
SURVIVOR base: 1 3 7 8 11 18 19 20 23 26 34 41 43 47 52 l2=8 tight=no l4=4 l8=16 l16=64 l32=256 PERSISTENT
SURVIVOR base: 1 3 7 8 11 18 19 20 23 26 34 41 43 47 53 l2=10 tight=no l4=4 l8=16 l16=64 l32=256 PERSISTENT
SURVIVOR base: 1 3 7 8 11 18 19 20 23 26 34 41 43 47 54 l2=5 tight=no l4=8 l8=32 l16=128 l32=512 PERSISTENT
SURVIVOR base: 1 3 7 8 11 18 19 20 23 26 34 41 43 47 55 l2=3 tight=no l4=4 l8=16 l16=64 l32=256 PERSISTENT
SURVIVOR base: 1 3 7 8 11 18 19 20 23 26 34 41 43 47 56 l2=9 tight=no l4=4 l8=16 l16=64 l32=256 PERSISTENT
SURVIVOR base: 1 3 7 8 11 18 19 20 23 26 34 41 43 47 57 l2=12 tight=no l4=12 l8=16 l16=64 l32=256 PERSISTENT
SURVIVOR base: 1 3 7 8 11 18 19 20 23 26 34 41 43 47 58 l2=8 tight=no l4=16 l8=32 l16=128 l32=512 PERSISTENT
SURVIVOR base: 1 3 7 8 11 18 19 20 23 26 34 41 43 47 59 l2=6 tight=no l4=4 l8=16 l16=64 l32=256 PERSISTENT
SURVIVOR base: 1 3 7 8 11 18 19 20 23 26 34 41 43 47 60 l2=12 tight=no l4=4 l8=16 l16=64 l32=256 PERSISTENT
SURVIVOR base: 1 3 7 8 11 18 19 20 23 26 34 41 43 47 61 l2=3 tight=no l4=4 l8=16 l16=64 l32=256 PERSISTENT
SURVIVOR base: 1 3 7 8 11 18 19 20 23 26 34 41 43 47 62 l2=4 tight=no l4=4 l8=16 l16=64 l32=256 PERSISTENT
SURVIVOR base: 1 3 7 8 11 18 19 20 23 26 34 41 43 47 63 l2=5 tight=no l4=4 l8=16 l16=64 l32=256 PERSISTENT
SURVIVOR base: 1 3 7 8 11 18 19 20 23 26 34 41 43 47 64 l2=16 tight=no l4=4 l8=16 l16=64 l32=256 PERSISTENT
SURVIVOR base: 1 3 7 8 11 18 19 20 23 26 34 41 43 47 65 l2=4 tight=no l4=8 l8=32 l16=128 l32=512 PERSISTENT
SURVIVOR base: 1 1 7 8 17 18 26 30 35 47 50 58 60 65 1 l2=9 tight=no l4=84 l8=732 l16=5952 l32=48384 PERSISTENT
SURVIVOR base: 1 1 7 8 17 18 26 30 35 47 50 58 60 65 2 l2=9 tight=no l4=84 l8=728 l16=5952 l32=48384 PERSISTENT
SURVIVOR base: 1 1 7 8 17 18 26 30 35 47 50 58 60 65 3 l2=13 tight=no l4=74 l8=496 l16=4032 l32=32512 PERSISTENT
SURVIVOR base: 1 1 7 8 17 18 26 30 35 47 50 58 60 65 4 l2=13 tight=no l4=60 l8=504 l16=4032 l32=32512 PERSISTENT
SURVIVOR base: 1 1 7 8 17 18 26 30 35 47 50 58 60 65 5 l2=13 tight=no l4=68 l8=528 l16=4160 l32=33024 PERSISTENT
SURVIVOR base: 1 1 7 8 17 18 26 30 35 47 50 58 60 65 6 l2=13 tight=no l4=68 l8=528 l16=4160 l32=33024 PERSISTENT
SURVIVOR base: 1 1 7 8 17 18 26 30 35 47 50 58 60 65 7 l2=12 tight=no l4=112 l8=976 l16=7936 l32=64512 PERSISTENT
SURVIVOR base: 1 1 7 8 17 18 26 30 35 47 50 58 60 65 8 l2=20 tight=no l4=140 l8=960 l16=7936 l32=64512 PERSISTENT
SURVIVOR base: 1 1 7 8 17 18 26 30 35 47 50 58 60 65 9 l2=7 tight=no l4=60 l8=504 l16=4032 l32=32512 PERSISTENT
SURVIVOR base: 1 1 7 8 17 18 26 30 35 47 50 58 60 65 10 l2=7 tight=no l4=60 l8=504 l16=4032 l32=32512 PERSISTENT
SURVIVOR base: 1 1 7 8 17 18 26 30 35 47 50 58 60 65 11 l2=23 tight=no l4=372 l8=5840 l16=91968 l32=1457408 PERSISTENT
SURVIVOR base: 1 1 7 8 17 18 26 30 35 47 50 58 60 65 12 l2=7 tight=no l4=60 l8=504 l16=4032 l32=32512 PERSISTENT
SURVIVOR base: 1 1 7 8 17 18 26 30 35 47 50 58 60 65 13 l2=14 tight=no l4=126 l8=968 l16=7936 l32=64512 PERSISTENT
SURVIVOR base: 1 1 7 8 17 18 26 30 35 47 50 58 60 65 14 l2=9 tight=no l4=82 l8=528 l16=4160 l32=33024 PERSISTENT
SURVIVOR base: 1 1 7 8 17 18 26 30 35 47 50 58 60 65 15 l2=13 tight=no l4=60 l8=504 l16=4032 l32=32512 PERSISTENT
SURVIVOR base: 1 1 7 8 17 18 26 30 35 47 50 58 60 65 16 l2=13 tight=no l4=68 l8=528 l16=4160 l32=33024 PERSISTENT
SURVIVOR base: 1 1 7 8 17 18 26 30 35 47 50 58 60 65 17 l2=24 tight=no l4=128 l8=1024 l16=8192 l32=65536 PERSISTENT
SURVIVOR base: 1 1 7 8 17 18 26 30 35 47 50 58 60 65 18 l2=12 tight=no l4=112 l8=976 l16=7936 l32=64512 PERSISTENT
SURVIVOR base: 1 1 7 8 17 18 26 30 35 47 50 58 60 65 19 l2=19 tight=no l4=74 l8=496 l16=4032 l32=32512 PERSISTENT
SURVIVOR base: 1 1 7 8 17 18 26 30 35 47 50 58 60 65 20 l2=9 tight=no l4=68 l8=536 l16=4160 l32=33024 PERSISTENT
SURVIVOR base: 1 1 7 8 17 18 26 30 35 47 50 58 60 65 21 l2=15 tight=no l4=76 l8=568 l16=4288 l32=33536 PERSISTENT
SURVIVOR base: 1 1 7 8 17 18 26 30 35 47 50 58 60 65 22 l2=27 tight=no l4=200 l8=1056 l16=8320 l32=66048 PERSISTENT
SURVIVOR base: 1 1 7 8 17 18 26 30 35 47 50 58 60 65 23 l2=9 tight=no l4=68 l8=536 l16=4160 l32=33024 PERSISTENT
SURVIVOR base: 1 1 7 8 17 18 26 30 35 47 50 58 60 65 24 l2=9 tight=no l4=90 l8=528 l16=4160 l32=33024 PERSISTENT
SURVIVOR base: 1 1 7 8 17 18 26 30 35 47 50 58 60 65 25 l2=12 tight=no l4=126 l8=968 l16=7936 l32=64512 PERSISTENT
SURVIVOR base: 1 1 7 8 17 18 26 30 35 47 50 58 60 65 26 l2=36 tight=no l4=112 l8=976 l16=7936 l32=64512 PERSISTENT
SURVIVOR base: 1 1 7 8 17 18 26 30 35 47 50 58 60 65 27 l2=17 tight=no l4=68 l8=528 l16=4160 l32=33024 PERSISTENT
SURVIVOR base: 1 1 7 8 17 18 26 30 35 47 50 58 60 65 28 l2=7 tight=no l4=60 l8=504 l16=4032 l32=32512 PERSISTENT
SURVIVOR base: 1 1 7 8 17 18 26 30 35 47 50 58 60 65 29 l2=7 tight=no l4=60 l8=504 l16=4032 l32=32512 PERSISTENT
SURVIVOR base: 1 1 7 8 17 18 26 30 35 47 50 58 60 65 30 l2=19 tight=no l4=74 l8=496 l16=4032 l32=32512 PERSISTENT
SURVIVOR base: 1 1 7 8 17 18 26 30 35 47 50 58 60 65 31 l2=7 tight=no l4=64 l8=504 l16=4032 l32=32512 PERSISTENT
SURVIVOR base: 1 1 7 8 17 18 26 30 35 47 50 58 60 65 32 l2=15 tight=no l4=60 l8=504 l16=4032 l32=32512 PERSISTENT
SURVIVOR base: 1 1 7 8 17 18 26 30 35 47 50 58 60 65 33 l2=16 tight=no l4=112 l8=960 l16=7936 l32=64512 PERSISTENT
SURVIVOR base: 1 1 7 8 17 18 26 30 35 47 50 58 60 65 34 l2=21 tight=no l4=60 l8=504 l16=4032 l32=32512 PERSISTENT
SURVIVOR base: 1 1 7 8 17 18 26 30 35 47 50 58 60 65 35 l2=12 tight=no l4=140 l8=960 l16=7936 l32=64512 PERSISTENT
SURVIVOR base: 1 1 7 8 17 18 26 30 35 47 50 58 60 65 36 l2=7 tight=no l4=74 l8=496 l16=4032 l32=32512 PERSISTENT
SURVIVOR base: 1 1 7 8 17 18 26 30 35 47 50 58 60 65 37 l2=13 tight=no l4=60 l8=504 l16=4032 l32=32512 PERSISTENT
SURVIVOR base: 1 1 7 8 17 18 26 30 35 47 50 58 60 65 38 l2=17 tight=no l4=76 l8=528 l16=4160 l32=33024 PERSISTENT
SURVIVOR base: 1 1 7 8 17 18 26 30 35 47 50 58 60 65 39 l2=9 tight=no l4=60 l8=504 l16=4032 l32=32512 PERSISTENT
SURVIVOR base: 1 1 7 8 17 18 26 30 35 47 50 58 60 65 40 l2=7 tight=no l4=60 l8=504 l16=4032 l32=32512 PERSISTENT
SURVIVOR base: 1 1 7 8 17 18 26 30 35 47 50 58 60 65 41 l2=22 tight=no l4=104 l8=736 l16=6016 l32=48640 PERSISTENT
SURVIVOR base: 1 1 7 8 17 18 26 30 35 47 50 58 60 65 42 l2=15 tight=no l4=124 l8=760 l16=6080 l32=48896 PERSISTENT
SURVIVOR base: 1 1 7 8 17 18 26 30 35 47 50 58 60 65 43 l2=14 tight=no l4=136 l8=1184 l16=9856 l32=80384 PERSISTENT
SURVIVOR base: 1 1 7 8 17 18 26 30 35 47 50 58 60 65 44 l2=19 tight=no l4=144 l8=1184 l16=9856 l32=80384 PERSISTENT
SURVIVOR base: 1 1 7 8 17 18 26 30 35 47 50 58 60 65 45 l2=15 tight=no l4=84 l8=728 l16=5952 l32=48384 PERSISTENT
SURVIVOR base: 1 1 7 8 17 18 26 30 35 47 50 58 60 65 46 l2=18 tight=no l4=150 l8=1184 l16=9856 l32=80384 PERSISTENT
SURVIVOR base: 1 1 7 8 17 18 26 30 35 47 50 58 60 65 47 l2=12 tight=no l4=140 l8=960 l16=7936 l32=64512 PERSISTENT
SURVIVOR base: 1 1 7 8 17 18 26 30 35 47 50 58 60 65 48 l2=7 tight=no l4=60 l8=504 l16=4032 l32=32512 PERSISTENT
SURVIVOR base: 1 1 7 8 17 18 26 30 35 47 50 58 60 65 49 l2=23 tight=no l4=84 l8=528 l16=4160 l32=33024 PERSISTENT
SURVIVOR base: 1 1 7 8 17 18 26 30 35 47 50 58 60 65 50 l2=12 tight=no l4=112 l8=976 l16=7936 l32=64512 PERSISTENT
SURVIVOR base: 1 1 7 8 17 18 26 30 35 47 50 58 60 65 51 l2=7 tight=no l4=60 l8=504 l16=4032 l32=32512 PERSISTENT
SURVIVOR base: 1 1 7 8 17 18 26 30 35 47 50 58 60 65 52 l2=17 tight=no l4=74 l8=496 l16=4032 l32=32512 PERSISTENT
SURVIVOR base: 1 1 7 8 17 18 26 30 35 47 50 58 60 65 53 l2=7 tight=no l4=60 l8=504 l16=4032 l32=32512 PERSISTENT
SURVIVOR base: 1 1 7 8 17 18 26 30 35 47 50 58 60 65 54 l2=12 tight=no l4=112 l8=960 l16=7936 l32=64512 PERSISTENT
SURVIVOR base: 1 1 7 8 17 18 26 30 35 47 50 58 60 65 55 l2=17 tight=no l4=164 l8=1424 l16=11840 l32=96512 PERSISTENT
SURVIVOR base: 1 1 7 8 17 18 26 30 35 47 50 58 60 65 56 l2=13 tight=no l4=60 l8=504 l16=4032 l32=32512 PERSISTENT
SURVIVOR base: 1 1 7 8 17 18 26 30 35 47 50 58 60 65 57 l2=11 tight=no l4=74 l8=496 l16=4032 l32=32512 PERSISTENT
SURVIVOR base: 1 1 7 8 17 18 26 30 35 47 50 58 60 65 58 l2=12 tight=no l4=112 l8=976 l16=7936 l32=64512 PERSISTENT
SURVIVOR base: 1 1 7 8 17 18 26 30 35 47 50 58 60 65 59 l2=14 tight=no l4=112 l8=968 l16=7936 l32=64512 PERSISTENT
SURVIVOR base: 1 1 7 8 17 18 26 30 35 47 50 58 60 65 60 l2=24 tight=no l4=128 l8=1024 l16=8192 l32=65536 PERSISTENT
SURVIVOR base: 1 1 7 8 17 18 26 30 35 47 50 58 60 65 61 l2=7 tight=no l4=60 l8=504 l16=4032 l32=32512 PERSISTENT
SURVIVOR base: 1 1 7 8 17 18 26 30 35 47 50 58 60 65 62 l2=12 tight=no l4=112 l8=976 l16=7936 l32=64512 PERSISTENT
SURVIVOR base: 1 1 7 8 17 18 26 30 35 47 50 58 60 65 63 l2=23 tight=no l4=90 l8=560 l16=4288 l32=33536 PERSISTENT
SURVIVOR base: 1 1 7 8 17 18 26 30 35 47 50 58 60 65 64 l2=18 tight=no l4=68 l8=536 l16=4160 l32=33024 PERSISTENT
SURVIVOR base: 1 1 7 8 17 18 26 30 35 47 50 58 60 65 65 l2=16 tight=no l4=128 l8=1024 l16=8192 l32=65536 PERSISTENT
SURVIVOR base: 1 3 4 5 13 28 30 31 33 36 37 40 46 52 1 l2=6 tight=no l4=0
SURVIVOR base: 1 3 4 5 13 28 30 31 33 36 37 40 46 52 5 l2=4 tight=no l4=0
SURVIVOR base: 1 3 4 5 13 28 30 31 33 36 37 40 46 52 7 l2=4 tight=no l4=0
SURVIVOR base: 1 3 4 5 13 28 30 31 33 36 37 40 46 52 8 l2=1 tight=no l4=0
SURVIVOR base: 1 3 4 5 13 28 30 31 33 36 37 40 46 52 9 l2=3 tight=no l4=0
SURVIVOR base: 1 3 4 5 13 28 30 31 33 36 37 40 46 52 10 l2=3 tight=no l4=0
SURVIVOR base: 1 3 4 5 13 28 30 31 33 36 37 40 46 52 11 l2=3 tight=no l4=0
SURVIVOR base: 1 3 4 5 13 28 30 31 33 36 37 40 46 52 12 l2=3 tight=no l4=0
SURVIVOR base: 1 3 4 5 13 28 30 31 33 36 37 40 46 52 13 l2=2 tight=no l4=0
SURVIVOR base: 1 3 4 5 13 28 30 31 33 36 37 40 46 52 14 l2=7 tight=no l4=4 l8=16 l16=64 l32=256 PERSISTENT
SURVIVOR base: 1 3 4 5 13 28 30 31 33 36 37 40 46 52 15 l2=6 tight=no l4=2 l8=0
SURVIVOR base: 1 3 4 5 13 28 30 31 33 36 37 40 46 52 16 l2=3 tight=no l4=2 l8=0
SURVIVOR base: 1 3 4 5 13 28 30 31 33 36 37 40 46 52 17 l2=1 tight=no l4=0
SURVIVOR base: 1 3 4 5 13 28 30 31 33 36 37 40 46 52 20 l2=2 tight=no l4=0
SURVIVOR base: 1 3 4 5 13 28 30 31 33 36 37 40 46 52 21 l2=1 tight=no l4=0
SURVIVOR base: 1 3 4 5 13 28 30 31 33 36 37 40 46 52 22 l2=2 tight=no l4=0
SURVIVOR base: 1 3 4 5 13 28 30 31 33 36 37 40 46 52 23 l2=5 tight=no l4=0
SURVIVOR base: 1 3 4 5 13 28 30 31 33 36 37 40 46 52 24 l2=1 tight=no l4=0
SURVIVOR base: 1 3 4 5 13 28 30 31 33 36 37 40 46 52 25 l2=9 tight=no l4=4 l8=0
SURVIVOR base: 1 3 4 5 13 28 30 31 33 36 37 40 46 52 27 l2=1 tight=no l4=0
SURVIVOR base: 1 3 4 5 13 28 30 31 33 36 37 40 46 52 30 l2=6 tight=no l4=0
SURVIVOR base: 1 3 4 5 13 28 30 31 33 36 37 40 46 52 32 l2=7 tight=no l4=0
SURVIVOR base: 1 3 4 5 13 28 30 31 33 36 37 40 46 52 33 l2=4 tight=no l4=0
SURVIVOR base: 1 3 4 5 13 28 30 31 33 36 37 40 46 52 34 l2=2 tight=no l4=0
SURVIVOR base: 1 3 4 5 13 28 30 31 33 36 37 40 46 52 35 l2=4 tight=no l4=0
SURVIVOR base: 1 3 4 5 13 28 30 31 33 36 37 40 46 52 36 l2=2 tight=no l4=0
SURVIVOR base: 1 3 4 5 13 28 30 31 33 36 37 40 46 52 37 l2=8 tight=no l4=0
SURVIVOR base: 1 3 4 5 13 28 30 31 33 36 37 40 46 52 38 l2=2 tight=no l4=0
SURVIVOR base: 1 3 4 5 13 28 30 31 33 36 37 40 46 52 39 l2=2 tight=no l4=0
SURVIVOR base: 1 3 4 5 13 28 30 31 33 36 37 40 46 52 42 l2=2 tight=no l4=2 l8=0
SURVIVOR base: 1 3 4 5 13 28 30 31 33 36 37 40 46 52 43 l2=2 tight=no l4=0
SURVIVOR base: 1 3 4 5 13 28 30 31 33 36 37 40 46 52 44 l2=3 tight=no l4=0
SURVIVOR base: 1 3 4 5 13 28 30 31 33 36 37 40 46 52 45 l2=2 tight=no l4=0
SURVIVOR base: 1 3 4 5 13 28 30 31 33 36 37 40 46 52 46 l2=4 tight=no l4=0
SURVIVOR base: 1 3 4 5 13 28 30 31 33 36 37 40 46 52 47 l2=2 tight=no l4=0
SURVIVOR base: 1 3 4 5 13 28 30 31 33 36 37 40 46 52 48 l2=7 tight=no l4=2 l8=0
SURVIVOR base: 1 3 4 5 13 28 30 31 33 36 37 40 46 52 49 l2=5 tight=no l4=0
SURVIVOR base: 1 3 4 5 13 28 30 31 33 36 37 40 46 52 52 l2=4 tight=no l4=0
SURVIVOR base: 1 3 4 5 13 28 30 31 33 36 37 40 46 52 53 l2=4 tight=no l4=0
SURVIVOR base: 1 3 4 5 13 28 30 31 33 36 37 40 46 52 54 l2=1 tight=no l4=0
SURVIVOR base: 1 3 4 5 13 28 30 31 33 36 37 40 46 52 55 l2=5 tight=no l4=0
SURVIVOR base: 1 3 4 5 13 28 30 31 33 36 37 40 46 52 57 l2=1 tight=no l4=0
SURVIVOR base: 1 3 4 5 13 28 30 31 33 36 37 40 46 52 58 l2=8 tight=no l4=0
SURVIVOR base: 1 3 4 5 13 28 30 31 33 36 37 40 46 52 59 l2=2 tight=no l4=0
SURVIVOR base: 1 3 4 5 13 28 30 31 33 36 37 40 46 52 60 l2=7 tight=no l4=0
SURVIVOR base: 1 3 4 5 13 28 30 31 33 36 37 40 46 52 61 l2=2 tight=no l4=0
SURVIVOR base: 1 3 4 5 13 28 30 31 33 36 37 40 46 52 62 l2=5 tight=no l4=0
SURVIVOR base: 1 3 4 5 13 28 30 31 33 36 37 40 46 52 63 l2=2 tight=no l4=0
SURVIVOR base: 1 3 4 5 13 28 30 31 33 36 37 40 46 52 64 l2=2 tight=no l4=0
SURVIVOR base: 1 3 4 5 13 28 30 31 33 36 37 40 46 52 65 l2=1 tight=no l4=0
SURVIVOR base: 1 2 7 8 10 11 15 19 26 31 34 36 58 61 1 l2=6 tight=no l4=8 l8=32 l16=128 l32=512 PERSISTENT
SURVIVOR base: 1 2 7 8 10 11 15 19 26 31 34 36 58 61 2 l2=2 tight=no l4=8 l8=32 l16=128 l32=512 PERSISTENT
SURVIVOR base: 1 2 7 8 10 11 15 19 26 31 34 36 58 61 3 l2=8 tight=no l4=40 l8=288 l16=2176 l32=16896 PERSISTENT
SURVIVOR base: 1 2 7 8 10 11 15 19 26 31 34 36 58 61 4 l2=1 tight=no l4=4 l8=16 l16=64 l32=256 PERSISTENT
SURVIVOR base: 1 2 7 8 10 11 15 19 26 31 34 36 58 61 5 l2=3 tight=no l4=4 l8=16 l16=64 l32=256 PERSISTENT
SURVIVOR base: 1 2 7 8 10 11 15 19 26 31 34 36 58 61 6 l2=5 tight=no l4=12 l8=48 l16=192 l32=768 PERSISTENT
SURVIVOR base: 1 2 7 8 10 11 15 19 26 31 34 36 58 61 7 l2=2 tight=no l4=8 l8=32 l16=128 l32=512 PERSISTENT
SURVIVOR base: 1 2 7 8 10 11 15 19 26 31 34 36 58 61 8 l2=2 tight=no l4=8 l8=32 l16=128 l32=512 PERSISTENT
SURVIVOR base: 1 2 7 8 10 11 15 19 26 31 34 36 58 61 9 l2=1 tight=no l4=4 l8=16 l16=64 l32=256 PERSISTENT
SURVIVOR base: 1 2 7 8 10 11 15 19 26 31 34 36 58 61 10 l2=4 tight=no l4=8 l8=32 l16=128 l32=512 PERSISTENT
SURVIVOR base: 1 2 7 8 10 11 15 19 26 31 34 36 58 61 11 l2=6 tight=no l4=8 l8=32 l16=128 l32=512 PERSISTENT
SURVIVOR base: 1 2 7 8 10 11 15 19 26 31 34 36 58 61 12 l2=2 tight=no l4=4 l8=16 l16=64 l32=256 PERSISTENT
SURVIVOR base: 1 2 7 8 10 11 15 19 26 31 34 36 58 61 13 l2=5 tight=no l4=4 l8=16 l16=64 l32=256 PERSISTENT
SURVIVOR base: 1 2 7 8 10 11 15 19 26 31 34 36 58 61 14 l2=2 tight=no l4=4 l8=16 l16=64 l32=256 PERSISTENT
SURVIVOR base: 1 2 7 8 10 11 15 19 26 31 34 36 58 61 15 l2=6 tight=no l4=8 l8=32 l16=128 l32=512 PERSISTENT
SURVIVOR base: 1 2 7 8 10 11 15 19 26 31 34 36 58 61 16 l2=5 tight=no l4=4 l8=16 l16=64 l32=256 PERSISTENT
SURVIVOR base: 1 2 7 8 10 11 15 19 26 31 34 36 58 61 17 l2=7 tight=no l4=8 l8=32 l16=128 l32=512 PERSISTENT
SURVIVOR base: 1 2 7 8 10 11 15 19 26 31 34 36 58 61 18 l2=1 tight=no l4=4 l8=16 l16=64 l32=256 PERSISTENT
SURVIVOR base: 1 2 7 8 10 11 15 19 26 31 34 36 58 61 19 l2=10 tight=no l4=8 l8=32 l16=128 l32=512 PERSISTENT
SURVIVOR base: 1 2 7 8 10 11 15 19 26 31 34 36 58 61 20 l2=3 tight=no l4=4 l8=16 l16=64 l32=256 PERSISTENT
SURVIVOR base: 1 2 7 8 10 11 15 19 26 31 34 36 58 61 21 l2=2 tight=no l4=4 l8=16 l16=64 l32=256 PERSISTENT
SURVIVOR base: 1 2 7 8 10 11 15 19 26 31 34 36 58 61 22 l2=8 tight=no l4=4 l8=16 l16=64 l32=256 PERSISTENT
SURVIVOR base: 1 2 7 8 10 11 15 19 26 31 34 36 58 61 23 l2=2 tight=no l4=4 l8=16 l16=64 l32=256 PERSISTENT
SURVIVOR base: 1 2 7 8 10 11 15 19 26 31 34 36 58 61 24 l2=1 tight=no l4=4 l8=16 l16=64 l32=256 PERSISTENT
SURVIVOR base: 1 2 7 8 10 11 15 19 26 31 34 36 58 61 25 l2=3 tight=no l4=4 l8=16 l16=64 l32=256 PERSISTENT
SURVIVOR base: 1 2 7 8 10 11 15 19 26 31 34 36 58 61 26 l2=2 tight=no l4=8 l8=32 l16=128 l32=512 PERSISTENT
SURVIVOR base: 1 2 7 8 10 11 15 19 26 31 34 36 58 61 27 l2=3 tight=no l4=4 l8=16 l16=64 l32=256 PERSISTENT
SURVIVOR base: 1 2 7 8 10 11 15 19 26 31 34 36 58 61 28 l2=1 tight=no l4=4 l8=16 l16=64 l32=256 PERSISTENT
SURVIVOR base: 1 2 7 8 10 11 15 19 26 31 34 36 58 61 29 l2=4 tight=no l4=4 l8=16 l16=64 l32=256 PERSISTENT
SURVIVOR base: 1 2 7 8 10 11 15 19 26 31 34 36 58 61 30 l2=2 tight=no l4=4 l8=16 l16=64 l32=256 PERSISTENT
SURVIVOR base: 1 2 7 8 10 11 15 19 26 31 34 36 58 61 31 l2=2 tight=no l4=8 l8=32 l16=128 l32=512 PERSISTENT
SURVIVOR base: 1 2 7 8 10 11 15 19 26 31 34 36 58 61 32 l2=7 tight=no l4=4 l8=16 l16=64 l32=256 PERSISTENT
SURVIVOR base: 1 2 7 8 10 11 15 19 26 31 34 36 58 61 33 l2=2 tight=no l4=4 l8=16 l16=64 l32=256 PERSISTENT
SURVIVOR base: 1 2 7 8 10 11 15 19 26 31 34 36 58 61 34 l2=4 tight=no l4=8 l8=32 l16=128 l32=512 PERSISTENT
SURVIVOR base: 1 2 7 8 10 11 15 19 26 31 34 36 58 61 35 l2=5 tight=no l4=4 l8=16 l16=64 l32=256 PERSISTENT
SURVIVOR base: 1 2 7 8 10 11 15 19 26 31 34 36 58 61 36 l2=4 tight=no l4=8 l8=32 l16=128 l32=512 PERSISTENT
SURVIVOR base: 1 2 7 8 10 11 15 19 26 31 34 36 58 61 37 l2=3 tight=no l4=8 l8=32 l16=128 l32=512 PERSISTENT
SURVIVOR base: 1 2 7 8 10 11 15 19 26 31 34 36 58 61 38 l2=4 tight=no l4=4 l8=16 l16=64 l32=256 PERSISTENT
SURVIVOR base: 1 2 7 8 10 11 15 19 26 31 34 36 58 61 39 l2=2 tight=no l4=4 l8=16 l16=64 l32=256 PERSISTENT
SURVIVOR base: 1 2 7 8 10 11 15 19 26 31 34 36 58 61 40 l2=3 tight=no l4=4 l8=16 l16=64 l32=256 PERSISTENT
SURVIVOR base: 1 2 7 8 10 11 15 19 26 31 34 36 58 61 41 l2=1 tight=no l4=4 l8=16 l16=64 l32=256 PERSISTENT
SURVIVOR base: 1 2 7 8 10 11 15 19 26 31 34 36 58 61 42 l2=5 tight=no l4=4 l8=16 l16=64 l32=256 PERSISTENT
SURVIVOR base: 1 2 7 8 10 11 15 19 26 31 34 36 58 61 43 l2=5 tight=no l4=4 l8=16 l16=64 l32=256 PERSISTENT
SURVIVOR base: 1 2 7 8 10 11 15 19 26 31 34 36 58 61 44 l2=3 tight=no l4=4 l8=16 l16=64 l32=256 PERSISTENT
SURVIVOR base: 1 2 7 8 10 11 15 19 26 31 34 36 58 61 45 l2=6 tight=no l4=4 l8=16 l16=64 l32=256 PERSISTENT
SURVIVOR base: 1 2 7 8 10 11 15 19 26 31 34 36 58 61 46 l2=2 tight=no l4=4 l8=16 l16=64 l32=256 PERSISTENT
SURVIVOR base: 1 2 7 8 10 11 15 19 26 31 34 36 58 61 47 l2=3 tight=no l4=8 l8=32 l16=128 l32=512 PERSISTENT
SURVIVOR base: 1 2 7 8 10 11 15 19 26 31 34 36 58 61 48 l2=6 tight=no l4=4 l8=16 l16=64 l32=256 PERSISTENT
SURVIVOR base: 1 2 7 8 10 11 15 19 26 31 34 36 58 61 49 l2=2 tight=no l4=4 l8=16 l16=64 l32=256 PERSISTENT
SURVIVOR base: 1 2 7 8 10 11 15 19 26 31 34 36 58 61 50 l2=2 tight=no l4=8 l8=32 l16=128 l32=512 PERSISTENT
SURVIVOR base: 1 2 7 8 10 11 15 19 26 31 34 36 58 61 51 l2=5 tight=no l4=4 l8=16 l16=64 l32=256 PERSISTENT
SURVIVOR base: 1 2 7 8 10 11 15 19 26 31 34 36 58 61 52 l2=4 tight=no l4=4 l8=16 l16=64 l32=256 PERSISTENT
SURVIVOR base: 1 2 7 8 10 11 15 19 26 31 34 36 58 61 53 l2=1 tight=no l4=4 l8=16 l16=64 l32=256 PERSISTENT
SURVIVOR base: 1 2 7 8 10 11 15 19 26 31 34 36 58 61 54 l2=6 tight=no l4=4 l8=16 l16=64 l32=256 PERSISTENT
SURVIVOR base: 1 2 7 8 10 11 15 19 26 31 34 36 58 61 55 l2=3 tight=no l4=6 l8=16 l16=64 l32=256 PERSISTENT
SURVIVOR base: 1 2 7 8 10 11 15 19 26 31 34 36 58 61 56 l2=1 tight=no l4=4 l8=16 l16=64 l32=256 PERSISTENT
SURVIVOR base: 1 2 7 8 10 11 15 19 26 31 34 36 58 61 57 l2=3 tight=no l4=8 l8=32 l16=128 l32=512 PERSISTENT
SURVIVOR base: 1 2 7 8 10 11 15 19 26 31 34 36 58 61 58 l2=7 tight=no l4=4 l8=16 l16=64 l32=256 PERSISTENT
SURVIVOR base: 1 2 7 8 10 11 15 19 26 31 34 36 58 61 59 l2=1 tight=no l4=4 l8=16 l16=64 l32=256 PERSISTENT
SURVIVOR base: 1 2 7 8 10 11 15 19 26 31 34 36 58 61 60 l2=1 tight=no l4=4 l8=16 l16=64 l32=256 PERSISTENT
SURVIVOR base: 1 2 7 8 10 11 15 19 26 31 34 36 58 61 61 l2=8 tight=no l4=8 l8=32 l16=128 l32=512 PERSISTENT
SURVIVOR base: 1 2 7 8 10 11 15 19 26 31 34 36 58 61 62 l2=3 tight=no l4=4 l8=16 l16=64 l32=256 PERSISTENT
SURVIVOR base: 1 2 7 8 10 11 15 19 26 31 34 36 58 61 63 l2=1 tight=no l4=4 l8=16 l16=64 l32=256 PERSISTENT
SURVIVOR base: 1 2 7 8 10 11 15 19 26 31 34 36 58 61 64 l2=10 tight=no l4=8 l8=32 l16=128 l32=512 PERSISTENT
SURVIVOR base: 1 2 7 8 10 11 15 19 26 31 34 36 58 61 65 l2=2 tight=no l4=8 l8=32 l16=128 l32=512 PERSISTENT
SURVIVOR base: 1 3 8 9 11 17 20 36 39 42 43 48 50 55 1 l2=2 tight=no l4=8 l8=32 l16=128 l32=512 PERSISTENT
SURVIVOR base: 1 3 8 9 11 17 20 36 39 42 43 48 50 55 2 l2=1 tight=no l4=4 l8=16 l16=64 l32=256 PERSISTENT
SURVIVOR base: 1 3 8 9 11 17 20 36 39 42 43 48 50 55 3 l2=4 tight=no l4=8 l8=32 l16=128 l32=512 PERSISTENT
SURVIVOR base: 1 3 8 9 11 17 20 36 39 42 43 48 50 55 4 l2=1 tight=no l4=4 l8=16 l16=64 l32=256 PERSISTENT
SURVIVOR base: 1 3 8 9 11 17 20 36 39 42 43 48 50 55 5 l2=5 tight=no l4=8 l8=32 l16=128 l32=512 PERSISTENT
SURVIVOR base: 1 3 8 9 11 17 20 36 39 42 43 48 50 55 6 l2=1 tight=no l4=4 l8=16 l16=64 l32=256 PERSISTENT
SURVIVOR base: 1 3 8 9 11 17 20 36 39 42 43 48 50 55 7 l2=2 tight=no l4=8 l8=32 l16=128 l32=512 PERSISTENT
SURVIVOR base: 1 3 8 9 11 17 20 36 39 42 43 48 50 55 8 l2=4 tight=no l4=8 l8=32 l16=128 l32=512 PERSISTENT
SURVIVOR base: 1 3 8 9 11 17 20 36 39 42 43 48 50 55 9 l2=2 tight=no l4=8 l8=32 l16=128 l32=512 PERSISTENT
SURVIVOR base: 1 3 8 9 11 17 20 36 39 42 43 48 50 55 10 l2=2 tight=no l4=8 l8=32 l16=128 l32=512 PERSISTENT
SURVIVOR base: 1 3 8 9 11 17 20 36 39 42 43 48 50 55 11 l2=12 tight=no l4=8 l8=32 l16=128 l32=512 PERSISTENT
SURVIVOR base: 1 3 8 9 11 17 20 36 39 42 43 48 50 55 12 l2=4 tight=no l4=4 l8=16 l16=64 l32=256 PERSISTENT
SURVIVOR base: 1 3 8 9 11 17 20 36 39 42 43 48 50 55 13 l2=6 tight=no l4=4 l8=16 l16=64 l32=256 PERSISTENT
SURVIVOR base: 1 3 8 9 11 17 20 36 39 42 43 48 50 55 14 l2=11 tight=no l4=8 l8=32 l16=128 l32=512 PERSISTENT
SURVIVOR base: 1 3 8 9 11 17 20 36 39 42 43 48 50 55 15 l2=9 tight=no l4=36 l8=272 l16=2112 l32=16640 PERSISTENT
SURVIVOR base: 1 3 8 9 11 17 20 36 39 42 43 48 50 55 16 l2=3 tight=no l4=6 l8=16 l16=64 l32=256 PERSISTENT
SURVIVOR base: 1 3 8 9 11 17 20 36 39 42 43 48 50 55 17 l2=2 tight=no l4=8 l8=32 l16=128 l32=512 PERSISTENT
SURVIVOR base: 1 3 8 9 11 17 20 36 39 42 43 48 50 55 18 l2=1 tight=no l4=4 l8=16 l16=64 l32=256 PERSISTENT
SURVIVOR base: 1 3 8 9 11 17 20 36 39 42 43 48 50 55 19 l2=6 tight=no l4=4 l8=16 l16=64 l32=256 PERSISTENT
SURVIVOR base: 1 3 8 9 11 17 20 36 39 42 43 48 50 55 20 l2=2 tight=no l4=8 l8=32 l16=128 l32=512 PERSISTENT
SURVIVOR base: 1 3 8 9 11 17 20 36 39 42 43 48 50 55 21 l2=6 tight=no l4=4 l8=16 l16=64 l32=256 PERSISTENT
SURVIVOR base: 1 3 8 9 11 17 20 36 39 42 43 48 50 55 22 l2=2 tight=no l4=4 l8=16 l16=64 l32=256 PERSISTENT
SURVIVOR base: 1 3 8 9 11 17 20 36 39 42 43 48 50 55 23 l2=3 tight=no l4=4 l8=16 l16=64 l32=256 PERSISTENT
SURVIVOR base: 1 3 8 9 11 17 20 36 39 42 43 48 50 55 24 l2=4 tight=no l4=4 l8=16 l16=64 l32=256 PERSISTENT
SURVIVOR base: 1 3 8 9 11 17 20 36 39 42 43 48 50 55 25 l2=4 tight=no l4=4 l8=16 l16=64 l32=256 PERSISTENT
SURVIVOR base: 1 3 8 9 11 17 20 36 39 42 43 48 50 55 26 l2=13 tight=no l4=4 l8=16 l16=64 l32=256 PERSISTENT
SURVIVOR base: 1 3 8 9 11 17 20 36 39 42 43 48 50 55 27 l2=3 tight=no l4=4 l8=16 l16=64 l32=256 PERSISTENT
SURVIVOR base: 1 3 8 9 11 17 20 36 39 42 43 48 50 55 28 l2=7 tight=no l4=4 l8=16 l16=64 l32=256 PERSISTENT
SURVIVOR base: 1 3 8 9 11 17 20 36 39 42 43 48 50 55 29 l2=3 tight=no l4=4 l8=16 l16=64 l32=256 PERSISTENT
SURVIVOR base: 1 3 8 9 11 17 20 36 39 42 43 48 50 55 30 l2=6 tight=no l4=12 l8=48 l16=192 l32=768 PERSISTENT
SURVIVOR base: 1 3 8 9 11 17 20 36 39 42 43 48 50 55 31 l2=2 tight=no l4=4 l8=16 l16=64 l32=256 PERSISTENT
SURVIVOR base: 1 3 8 9 11 17 20 36 39 42 43 48 50 55 32 l2=2 tight=no l4=8 l8=32 l16=128 l32=512 PERSISTENT
SURVIVOR base: 1 3 8 9 11 17 20 36 39 42 43 48 50 55 33 l2=5 tight=no l4=4 l8=16 l16=64 l32=256 PERSISTENT
SURVIVOR base: 1 3 8 9 11 17 20 36 39 42 43 48 50 55 34 l2=3 tight=no l4=8 l8=32 l16=128 l32=512 PERSISTENT
SURVIVOR base: 1 3 8 9 11 17 20 36 39 42 43 48 50 55 35 l2=3 tight=no l4=12 l8=48 l16=192 l32=768 PERSISTENT
SURVIVOR base: 1 3 8 9 11 17 20 36 39 42 43 48 50 55 36 l2=4 tight=no l4=8 l8=32 l16=128 l32=512 PERSISTENT
SURVIVOR base: 1 3 8 9 11 17 20 36 39 42 43 48 50 55 37 l2=1 tight=no l4=4 l8=16 l16=64 l32=256 PERSISTENT
SURVIVOR base: 1 3 8 9 11 17 20 36 39 42 43 48 50 55 38 l2=5 tight=no l4=12 l8=48 l16=192 l32=768 PERSISTENT
SURVIVOR base: 1 3 8 9 11 17 20 36 39 42 43 48 50 55 39 l2=8 tight=no l4=8 l8=32 l16=128 l32=512 PERSISTENT
SURVIVOR base: 1 3 8 9 11 17 20 36 39 42 43 48 50 55 40 l2=6 tight=no l4=4 l8=16 l16=64 l32=256 PERSISTENT
SURVIVOR base: 1 3 8 9 11 17 20 36 39 42 43 48 50 55 41 l2=1 tight=no l4=4 l8=16 l16=64 l32=256 PERSISTENT
SURVIVOR base: 1 3 8 9 11 17 20 36 39 42 43 48 50 55 42 l2=4 tight=no l4=8 l8=32 l16=128 l32=512 PERSISTENT
SURVIVOR base: 1 3 8 9 11 17 20 36 39 42 43 48 50 55 43 l2=10 tight=no l4=8 l8=32 l16=128 l32=512 PERSISTENT
SURVIVOR base: 1 3 8 9 11 17 20 36 39 42 43 48 50 55 44 l2=2 tight=no l4=4 l8=16 l16=64 l32=256 PERSISTENT
SURVIVOR base: 1 3 8 9 11 17 20 36 39 42 43 48 50 55 45 l2=3 tight=no l4=4 l8=16 l16=64 l32=256 PERSISTENT
SURVIVOR base: 1 3 8 9 11 17 20 36 39 42 43 48 50 55 46 l2=1 tight=no l4=4 l8=16 l16=64 l32=256 PERSISTENT
SURVIVOR base: 1 3 8 9 11 17 20 36 39 42 43 48 50 55 47 l2=2 tight=no l4=4 l8=16 l16=64 l32=256 PERSISTENT
SURVIVOR base: 1 3 8 9 11 17 20 36 39 42 43 48 50 55 48 l2=7 tight=no l4=4 l8=16 l16=64 l32=256 PERSISTENT
SURVIVOR base: 1 3 8 9 11 17 20 36 39 42 43 48 50 55 49 l2=2 tight=no l4=4 l8=16 l16=64 l32=256 PERSISTENT
SURVIVOR base: 1 3 8 9 11 17 20 36 39 42 43 48 50 55 50 l2=4 tight=no l4=8 l8=32 l16=128 l32=512 PERSISTENT
SURVIVOR base: 1 3 8 9 11 17 20 36 39 42 43 48 50 55 51 l2=12 tight=no l4=16 l8=32 l16=128 l32=512 PERSISTENT
SURVIVOR base: 1 3 8 9 11 17 20 36 39 42 43 48 50 55 52 l2=5 tight=no l4=4 l8=16 l16=64 l32=256 PERSISTENT
SURVIVOR base: 1 3 8 9 11 17 20 36 39 42 43 48 50 55 53 l2=6 tight=no l4=4 l8=16 l16=64 l32=256 PERSISTENT
SURVIVOR base: 1 3 8 9 11 17 20 36 39 42 43 48 50 55 54 l2=3 tight=no l4=4 l8=16 l16=64 l32=256 PERSISTENT
SURVIVOR base: 1 3 8 9 11 17 20 36 39 42 43 48 50 55 55 l2=2 tight=no l4=8 l8=32 l16=128 l32=512 PERSISTENT
SURVIVOR base: 1 3 8 9 11 17 20 36 39 42 43 48 50 55 56 l2=2 tight=no l4=4 l8=16 l16=64 l32=256 PERSISTENT
SURVIVOR base: 1 3 8 9 11 17 20 36 39 42 43 48 50 55 57 l2=2 tight=no l4=4 l8=16 l16=64 l32=256 PERSISTENT
SURVIVOR base: 1 3 8 9 11 17 20 36 39 42 43 48 50 55 58 l2=10 tight=no l4=16 l8=32 l16=128 l32=512 PERSISTENT
SURVIVOR base: 1 3 8 9 11 17 20 36 39 42 43 48 50 55 59 l2=4 tight=no l4=4 l8=16 l16=64 l32=256 PERSISTENT
SURVIVOR base: 1 3 8 9 11 17 20 36 39 42 43 48 50 55 60 l2=1 tight=no l4=4 l8=16 l16=64 l32=256 PERSISTENT
SURVIVOR base: 1 3 8 9 11 17 20 36 39 42 43 48 50 55 61 l2=2 tight=no l4=4 l8=16 l16=64 l32=256 PERSISTENT
SURVIVOR base: 1 3 8 9 11 17 20 36 39 42 43 48 50 55 62 l2=3 tight=no l4=8 l8=32 l16=128 l32=512 PERSISTENT
SURVIVOR base: 1 3 8 9 11 17 20 36 39 42 43 48 50 55 63 l2=4 tight=no l4=8 l8=32 l16=128 l32=512 PERSISTENT
SURVIVOR base: 1 3 8 9 11 17 20 36 39 42 43 48 50 55 64 l2=3 tight=no l4=8 l8=32 l16=128 l32=512 PERSISTENT
SURVIVOR base: 1 3 8 9 11 17 20 36 39 42 43 48 50 55 65 l2=2 tight=no l4=4 l8=16 l16=64 l32=256 PERSISTENT
SURVIVOR base: 1 2 8 14 18 26 30 31 33 34 37 58 59 64 1 l2=4 tight=no l4=0
SURVIVOR base: 1 2 8 14 18 26 30 31 33 34 37 58 59 64 2 l2=2 tight=no l4=0
SURVIVOR base: 1 2 8 14 18 26 30 31 33 34 37 58 59 64 3 l2=2 tight=no l4=4 l8=16 l16=64 l32=256 PERSISTENT
SURVIVOR base: 1 2 8 14 18 26 30 31 33 34 37 58 59 64 5 l2=2 tight=no l4=0
SURVIVOR base: 1 2 8 14 18 26 30 31 33 34 37 58 59 64 6 l2=6 tight=no l4=0
SURVIVOR base: 1 2 8 14 18 26 30 31 33 34 37 58 59 64 7 l2=5 tight=no l4=0
SURVIVOR base: 1 2 8 14 18 26 30 31 33 34 37 58 59 64 9 l2=1 tight=no l4=0
SURVIVOR base: 1 2 8 14 18 26 30 31 33 34 37 58 59 64 10 l2=3 tight=no l4=0
SURVIVOR base: 1 2 8 14 18 26 30 31 33 34 37 58 59 64 11 l2=2 tight=no l4=0
SURVIVOR base: 1 2 8 14 18 26 30 31 33 34 37 58 59 64 12 l2=4 tight=no l4=8 l8=32 l16=128 l32=512 PERSISTENT
SURVIVOR base: 1 2 8 14 18 26 30 31 33 34 37 58 59 64 13 l2=1 tight=no l4=0
SURVIVOR base: 1 2 8 14 18 26 30 31 33 34 37 58 59 64 14 l2=2 tight=no l4=0
SURVIVOR base: 1 2 8 14 18 26 30 31 33 34 37 58 59 64 15 l2=1 tight=no l4=0
SURVIVOR base: 1 2 8 14 18 26 30 31 33 34 37 58 59 64 17 l2=1 tight=no l4=0
SURVIVOR base: 1 2 8 14 18 26 30 31 33 34 37 58 59 64 18 l2=10 tight=no l4=0
SURVIVOR base: 1 2 8 14 18 26 30 31 33 34 37 58 59 64 21 l2=3 tight=no l4=10 l8=16 l16=64 l32=256 PERSISTENT
SURVIVOR base: 1 2 8 14 18 26 30 31 33 34 37 58 59 64 22 l2=2 tight=no l4=0
SURVIVOR base: 1 2 8 14 18 26 30 31 33 34 37 58 59 64 24 l2=3 tight=no l4=8 l8=32 l16=128 l32=512 PERSISTENT
SURVIVOR base: 1 2 8 14 18 26 30 31 33 34 37 58 59 64 26 l2=2 tight=no l4=0
SURVIVOR base: 1 2 8 14 18 26 30 31 33 34 37 58 59 64 30 l2=8 tight=no l4=0
SURVIVOR base: 1 2 8 14 18 26 30 31 33 34 37 58 59 64 32 l2=4 tight=no l4=4 l8=16 l16=64 l32=256 PERSISTENT
SURVIVOR base: 1 2 8 14 18 26 30 31 33 34 37 58 59 64 33 l2=8 tight=no l4=0
SURVIVOR base: 1 2 8 14 18 26 30 31 33 34 37 58 59 64 34 l2=2 tight=no l4=0
SURVIVOR base: 1 2 8 14 18 26 30 31 33 34 37 58 59 64 35 l2=5 tight=no l4=4 l8=16 l16=64 l32=256 PERSISTENT
SURVIVOR base: 1 2 8 14 18 26 30 31 33 34 37 58 59 64 36 l2=2 tight=no l4=0
SURVIVOR base: 1 2 8 14 18 26 30 31 33 34 37 58 59 64 41 l2=3 tight=no l4=0
SURVIVOR base: 1 2 8 14 18 26 30 31 33 34 37 58 59 64 42 l2=2 tight=no l4=0
SURVIVOR base: 1 2 8 14 18 26 30 31 33 34 37 58 59 64 43 l2=4 tight=no l4=0
SURVIVOR base: 1 2 8 14 18 26 30 31 33 34 37 58 59 64 44 l2=2 tight=no l4=0
SURVIVOR base: 1 2 8 14 18 26 30 31 33 34 37 58 59 64 45 l2=3 tight=no l4=0
SURVIVOR base: 1 2 8 14 18 26 30 31 33 34 37 58 59 64 46 l2=4 tight=no l4=0
SURVIVOR base: 1 2 8 14 18 26 30 31 33 34 37 58 59 64 47 l2=1 tight=no l4=0
SURVIVOR base: 1 2 8 14 18 26 30 31 33 34 37 58 59 64 48 l2=4 tight=no l4=0
SURVIVOR base: 1 2 8 14 18 26 30 31 33 34 37 58 59 64 49 l2=4 tight=no l4=0
SURVIVOR base: 1 2 8 14 18 26 30 31 33 34 37 58 59 64 51 l2=1 tight=no l4=0
SURVIVOR base: 1 2 8 14 18 26 30 31 33 34 37 58 59 64 52 l2=2 tight=no l4=0
SURVIVOR base: 1 2 8 14 18 26 30 31 33 34 37 58 59 64 53 l2=2 tight=no l4=0
SURVIVOR base: 1 2 8 14 18 26 30 31 33 34 37 58 59 64 54 l2=9 tight=no l4=0
SURVIVOR base: 1 2 8 14 18 26 30 31 33 34 37 58 59 64 55 l2=9 tight=no l4=0
SURVIVOR base: 1 2 8 14 18 26 30 31 33 34 37 58 59 64 58 l2=4 tight=no l4=0
SURVIVOR base: 1 2 8 14 18 26 30 31 33 34 37 58 59 64 59 l2=4 tight=no l4=0
SURVIVOR base: 1 2 8 14 18 26 30 31 33 34 37 58 59 64 60 l2=1 tight=no l4=0
SURVIVOR base: 1 2 8 14 18 26 30 31 33 34 37 58 59 64 61 l2=2 tight=no l4=0
SURVIVOR base: 1 2 8 14 18 26 30 31 33 34 37 58 59 64 63 l2=1 tight=no l4=0
SURVIVOR base: 1 2 8 14 18 26 30 31 33 34 37 58 59 64 64 l2=4 tight=no l4=0
SURVIVOR base: 1 2 8 14 18 26 30 31 33 34 37 58 59 64 65 l2=4 tight=no l4=0
SURVIVOR base: 1 3 5 7 8 9 11 30 31 32 34 36 47 52 1 l2=6 tight=no l4=16 l8=64 l16=256 l32=1024 PERSISTENT
SURVIVOR base: 1 3 5 7 8 9 11 30 31 32 34 36 47 52 2 l2=14 tight=no l4=12 l8=32 l16=128 l32=512 PERSISTENT
SURVIVOR base: 1 3 5 7 8 9 11 30 31 32 34 36 47 52 3 l2=7 tight=no l4=18 l8=48 l16=192 l32=768 PERSISTENT
SURVIVOR base: 1 3 5 7 8 9 11 30 31 32 34 36 47 52 4 l2=6 tight=no l4=8 l8=32 l16=128 l32=512 PERSISTENT
SURVIVOR base: 1 3 5 7 8 9 11 30 31 32 34 36 47 52 5 l2=4 tight=no l4=16 l8=64 l16=256 l32=1024 PERSISTENT
SURVIVOR base: 1 3 5 7 8 9 11 30 31 32 34 36 47 52 6 l2=3 tight=no l4=8 l8=32 l16=128 l32=512 PERSISTENT
SURVIVOR base: 1 3 5 7 8 9 11 30 31 32 34 36 47 52 7 l2=8 tight=no l4=24 l8=64 l16=256 l32=1024 PERSISTENT
SURVIVOR base: 1 3 5 7 8 9 11 30 31 32 34 36 47 52 8 l2=4 tight=no l4=16 l8=64 l16=256 l32=1024 PERSISTENT
SURVIVOR base: 1 3 5 7 8 9 11 30 31 32 34 36 47 52 9 l2=4 tight=no l4=16 l8=64 l16=256 l32=1024 PERSISTENT
SURVIVOR base: 1 3 5 7 8 9 11 30 31 32 34 36 47 52 10 l2=4 tight=no l4=16 l8=64 l16=256 l32=1024 PERSISTENT
SURVIVOR base: 1 3 5 7 8 9 11 30 31 32 34 36 47 52 11 l2=8 tight=no l4=16 l8=64 l16=256 l32=1024 PERSISTENT
SURVIVOR base: 1 3 5 7 8 9 11 30 31 32 34 36 47 52 12 l2=2 tight=no l4=12 l8=32 l16=128 l32=512 PERSISTENT
SURVIVOR base: 1 3 5 7 8 9 11 30 31 32 34 36 47 52 13 l2=6 tight=no l4=12 l8=48 l16=192 l32=768 PERSISTENT
SURVIVOR base: 1 3 5 7 8 9 11 30 31 32 34 36 47 52 14 l2=9 tight=no l4=20 l8=64 l16=256 l32=1024 PERSISTENT
SURVIVOR base: 1 3 5 7 8 9 11 30 31 32 34 36 47 52 15 l2=9 tight=no l4=16 l8=64 l16=256 l32=1024 PERSISTENT
SURVIVOR base: 1 3 5 7 8 9 11 30 31 32 34 36 47 52 16 l2=2 tight=no l4=8 l8=32 l16=128 l32=512 PERSISTENT
SURVIVOR base: 1 3 5 7 8 9 11 30 31 32 34 36 47 52 17 l2=8 tight=no l4=20 l8=64 l16=256 l32=1024 PERSISTENT
SURVIVOR base: 1 3 5 7 8 9 11 30 31 32 34 36 47 52 18 l2=9 tight=no l4=8 l8=32 l16=128 l32=512 PERSISTENT
SURVIVOR base: 1 3 5 7 8 9 11 30 31 32 34 36 47 52 19 l2=9 tight=no l4=8 l8=32 l16=128 l32=512 PERSISTENT
SURVIVOR base: 1 3 5 7 8 9 11 30 31 32 34 36 47 52 20 l2=9 tight=no l4=16 l8=64 l16=256 l32=1024 PERSISTENT
SURVIVOR base: 1 3 5 7 8 9 11 30 31 32 34 36 47 52 21 l2=8 tight=no l4=14 l8=48 l16=192 l32=768 PERSISTENT
SURVIVOR base: 1 3 5 7 8 9 11 30 31 32 34 36 47 52 22 l2=3 tight=no l4=16 l8=48 l16=192 l32=768 PERSISTENT
SURVIVOR base: 1 3 5 7 8 9 11 30 31 32 34 36 47 52 23 l2=6 tight=no l4=8 l8=32 l16=128 l32=512 PERSISTENT
SURVIVOR base: 1 3 5 7 8 9 11 30 31 32 34 36 47 52 24 l2=11 tight=no l4=8 l8=32 l16=128 l32=512 PERSISTENT
SURVIVOR base: 1 3 5 7 8 9 11 30 31 32 34 36 47 52 25 l2=2 tight=no l4=8 l8=32 l16=128 l32=512 PERSISTENT
SURVIVOR base: 1 3 5 7 8 9 11 30 31 32 34 36 47 52 26 l2=4 tight=no l4=12 l8=48 l16=192 l32=768 PERSISTENT
SURVIVOR base: 1 3 5 7 8 9 11 30 31 32 34 36 47 52 27 l2=5 tight=no l4=12 l8=32 l16=128 l32=512 PERSISTENT
SURVIVOR base: 1 3 5 7 8 9 11 30 31 32 34 36 47 52 28 l2=5 tight=no l4=14 l8=48 l16=192 l32=768 PERSISTENT
SURVIVOR base: 1 3 5 7 8 9 11 30 31 32 34 36 47 52 29 l2=5 tight=no l4=8 l8=32 l16=128 l32=512 PERSISTENT
SURVIVOR base: 1 3 5 7 8 9 11 30 31 32 34 36 47 52 30 l2=4 tight=no l4=16 l8=64 l16=256 l32=1024 PERSISTENT
SURVIVOR base: 1 3 5 7 8 9 11 30 31 32 34 36 47 52 31 l2=4 tight=no l4=24 l8=64 l16=256 l32=1024 PERSISTENT
SURVIVOR base: 1 3 5 7 8 9 11 30 31 32 34 36 47 52 32 l2=5 tight=no l4=18 l8=48 l16=192 l32=768 PERSISTENT
SURVIVOR base: 1 3 5 7 8 9 11 30 31 32 34 36 47 52 33 l2=6 tight=no l4=8 l8=32 l16=128 l32=512 PERSISTENT
SURVIVOR base: 1 3 5 7 8 9 11 30 31 32 34 36 47 52 34 l2=18 tight=no l4=16 l8=64 l16=256 l32=1024 PERSISTENT
SURVIVOR base: 1 3 5 7 8 9 11 30 31 32 34 36 47 52 35 l2=10 tight=no l4=18 l8=64 l16=256 l32=1024 PERSISTENT
SURVIVOR base: 1 3 5 7 8 9 11 30 31 32 34 36 47 52 36 l2=8 tight=no l4=24 l8=64 l16=256 l32=1024 PERSISTENT
SURVIVOR base: 1 3 5 7 8 9 11 30 31 32 34 36 47 52 37 l2=4 tight=no l4=8 l8=32 l16=128 l32=512 PERSISTENT
SURVIVOR base: 1 3 5 7 8 9 11 30 31 32 34 36 47 52 38 l2=5 tight=no l4=8 l8=32 l16=128 l32=512 PERSISTENT
SURVIVOR base: 1 3 5 7 8 9 11 30 31 32 34 36 47 52 39 l2=7 tight=no l4=8 l8=32 l16=128 l32=512 PERSISTENT
SURVIVOR base: 1 3 5 7 8 9 11 30 31 32 34 36 47 52 40 l2=8 tight=no l4=8 l8=32 l16=128 l32=512 PERSISTENT
SURVIVOR base: 1 3 5 7 8 9 11 30 31 32 34 36 47 52 41 l2=5 tight=no l4=12 l8=32 l16=128 l32=512 PERSISTENT
SURVIVOR base: 1 3 5 7 8 9 11 30 31 32 34 36 47 52 42 l2=6 tight=no l4=8 l8=32 l16=128 l32=512 PERSISTENT
SURVIVOR base: 1 3 5 7 8 9 11 30 31 32 34 36 47 52 43 l2=2 tight=no l4=8 l8=32 l16=128 l32=512 PERSISTENT
SURVIVOR base: 1 3 5 7 8 9 11 30 31 32 34 36 47 52 44 l2=6 tight=no l4=8 l8=32 l16=128 l32=512 PERSISTENT
SURVIVOR base: 1 3 5 7 8 9 11 30 31 32 34 36 47 52 45 l2=2 tight=no l4=8 l8=32 l16=128 l32=512 PERSISTENT
SURVIVOR base: 1 3 5 7 8 9 11 30 31 32 34 36 47 52 46 l2=5 tight=no l4=12 l8=32 l16=128 l32=512 PERSISTENT
SURVIVOR base: 1 3 5 7 8 9 11 30 31 32 34 36 47 52 47 l2=4 tight=no l4=16 l8=64 l16=256 l32=1024 PERSISTENT
SURVIVOR base: 1 3 5 7 8 9 11 30 31 32 34 36 47 52 48 l2=9 tight=no l4=46 l8=304 l16=2240 l32=17152 PERSISTENT
SURVIVOR base: 1 3 5 7 8 9 11 30 31 32 34 36 47 52 49 l2=10 tight=no l4=8 l8=32 l16=128 l32=512 PERSISTENT
SURVIVOR base: 1 3 5 7 8 9 11 30 31 32 34 36 47 52 50 l2=6 tight=no l4=20 l8=64 l16=256 l32=1024 PERSISTENT
SURVIVOR base: 1 3 5 7 8 9 11 30 31 32 34 36 47 52 51 l2=2 tight=no l4=12 l8=32 l16=128 l32=512 PERSISTENT
SURVIVOR base: 1 3 5 7 8 9 11 30 31 32 34 36 47 52 52 l2=4 tight=no l4=16 l8=64 l16=256 l32=1024 PERSISTENT
SURVIVOR base: 1 3 5 7 8 9 11 30 31 32 34 36 47 52 53 l2=10 tight=no l4=16 l8=64 l16=256 l32=1024 PERSISTENT
SURVIVOR base: 1 3 5 7 8 9 11 30 31 32 34 36 47 52 54 l2=8 tight=no l4=8 l8=32 l16=128 l32=512 PERSISTENT
SURVIVOR base: 1 3 5 7 8 9 11 30 31 32 34 36 47 52 55 l2=7 tight=no l4=8 l8=32 l16=128 l32=512 PERSISTENT
SURVIVOR base: 1 3 5 7 8 9 11 30 31 32 34 36 47 52 56 l2=7 tight=no l4=12 l8=32 l16=128 l32=512 PERSISTENT
SURVIVOR base: 1 3 5 7 8 9 11 30 31 32 34 36 47 52 57 l2=7 tight=no l4=14 l8=48 l16=192 l32=768 PERSISTENT
SURVIVOR base: 1 3 5 7 8 9 11 30 31 32 34 36 47 52 58 l2=4 tight=no l4=16 l8=64 l16=256 l32=1024 PERSISTENT
SURVIVOR base: 1 3 5 7 8 9 11 30 31 32 34 36 47 52 59 l2=7 tight=no l4=8 l8=32 l16=128 l32=512 PERSISTENT
SURVIVOR base: 1 3 5 7 8 9 11 30 31 32 34 36 47 52 60 l2=3 tight=no l4=8 l8=32 l16=128 l32=512 PERSISTENT
SURVIVOR base: 1 3 5 7 8 9 11 30 31 32 34 36 47 52 61 l2=3 tight=no l4=16 l8=48 l16=192 l32=768 PERSISTENT
SURVIVOR base: 1 3 5 7 8 9 11 30 31 32 34 36 47 52 62 l2=4 tight=no l4=8 l8=32 l16=128 l32=512 PERSISTENT
SURVIVOR base: 1 3 5 7 8 9 11 30 31 32 34 36 47 52 63 l2=4 tight=no l4=16 l8=64 l16=256 l32=1024 PERSISTENT
SURVIVOR base: 1 3 5 7 8 9 11 30 31 32 34 36 47 52 64 l2=4 tight=no l4=14 l8=48 l16=192 l32=768 PERSISTENT
SURVIVOR base: 1 3 5 7 8 9 11 30 31 32 34 36 47 52 65 l2=3 tight=no l4=12 l8=32 l16=128 l32=512 PERSISTENT
SURVIVOR base: 1 2 7 10 19 21 24 30 33 35 51 53 54 61 1 l2=23 tight=no l4=184 l8=2848 l16=45184 l32=721408 PERSISTENT
SURVIVOR base: 1 2 7 10 19 21 24 30 33 35 51 53 54 61 2 l2=22 tight=no l4=320 l8=5376 l16=88064 l32=1425408 PERSISTENT
SURVIVOR base: 1 2 7 10 19 21 24 30 33 35 51 53 54 61 3 l2=17 tight=no l4=182 l8=2832 l16=45120 l32=721152 PERSISTENT
SURVIVOR base: 1 2 7 10 19 21 24 30 33 35 51 53 54 61 4 l2=14 tight=no l4=204 l8=3056 l16=47040 l32=737024 PERSISTENT
SURVIVOR base: 1 2 7 10 19 21 24 30 33 35 51 53 54 61 5 l2=17 tight=no l4=180 l8=2832 l16=45120 l32=721152 PERSISTENT
SURVIVOR base: 1 2 7 10 19 21 24 30 33 35 51 53 54 61 6 l2=13 tight=no l4=176 l8=2816 l16=45056 l32=720896 PERSISTENT
SURVIVOR base: 1 2 7 10 19 21 24 30 33 35 51 53 54 61 7 l2=11 tight=no l4=178 l8=2816 l16=45056 l32=720896 PERSISTENT
SURVIVOR base: 1 2 7 10 19 21 24 30 33 35 51 53 54 61 8 l2=12 tight=no l4=180 l8=2832 l16=45120 l32=721152 PERSISTENT
SURVIVOR base: 1 2 7 10 19 21 24 30 33 35 51 53 54 61 9 l2=15 tight=no l4=204 l8=3056 l16=47040 l32=737024 PERSISTENT
SURVIVOR base: 1 2 7 10 19 21 24 30 33 35 51 53 54 61 10 l2=18 tight=no l4=324 l8=5376 l16=88064 l32=1425408 PERSISTENT
SURVIVOR base: 1 2 7 10 19 21 24 30 33 35 51 53 54 61 11 l2=13 tight=no l4=176 l8=2816 l16=45056 l32=720896 PERSISTENT
SURVIVOR base: 1 2 7 10 19 21 24 30 33 35 51 53 54 61 12 l2=13 tight=no l4=178 l8=2816 l16=45056 l32=720896 PERSISTENT
SURVIVOR base: 1 2 7 10 19 21 24 30 33 35 51 53 54 61 13 l2=13 tight=no l4=178 l8=2816 l16=45056 l32=720896 PERSISTENT
SURVIVOR base: 1 2 7 10 19 21 24 30 33 35 51 53 54 61 14 l2=12 tight=no l4=176 l8=2816 l16=45056 l32=720896 PERSISTENT
SURVIVOR base: 1 2 7 10 19 21 24 30 33 35 51 53 54 61 15 l2=18 tight=no l4=322 l8=5376 l16=88064 l32=1425408 PERSISTENT
SURVIVOR base: 1 2 7 10 19 21 24 30 33 35 51 53 54 61 16 l2=12 tight=no l4=182 l8=2832 l16=45120 l32=721152 PERSISTENT
SURVIVOR base: 1 2 7 10 19 21 24 30 33 35 51 53 54 61 17 l2=13 tight=no l4=176 l8=2820 l16=45056 l32=720896 PERSISTENT
SURVIVOR base: 1 2 7 10 19 21 24 30 33 35 51 53 54 61 18 l2=11 tight=no l4=176 l8=2820 l16=45056 l32=720896 PERSISTENT
SURVIVOR base: 1 2 7 10 19 21 24 30 33 35 51 53 54 61 19 l2=18 tight=no l4=324 l8=5384 l16=88064 l32=1425408 PERSISTENT
SURVIVOR base: 1 2 7 10 19 21 24 30 33 35 51 53 54 61 20 l2=12 tight=no l4=176 l8=2820 l16=45056 l32=720896 PERSISTENT
SURVIVOR base: 1 2 7 10 19 21 24 30 33 35 51 53 54 61 21 l2=24 tight=no l4=320 l8=5384 l16=88064 l32=1425408 PERSISTENT
SURVIVOR base: 1 2 7 10 19 21 24 30 33 35 51 53 54 61 22 l2=19 tight=no l4=178 l8=2820 l16=45056 l32=720896 PERSISTENT
SURVIVOR base: 1 2 7 10 19 21 24 30 33 35 51 53 54 61 23 l2=22 tight=no l4=180 l8=2836 l16=45120 l32=721152 PERSISTENT
SURVIVOR base: 1 2 7 10 19 21 24 30 33 35 51 53 54 61 24 l2=20 tight=no l4=324 l8=5384 l16=88064 l32=1425408 PERSISTENT
SURVIVOR base: 1 2 7 10 19 21 24 30 33 35 51 53 54 61 25 l2=15 tight=no l4=184 l8=2836 l16=45120 l32=721152 PERSISTENT
SURVIVOR base: 1 2 7 10 19 21 24 30 33 35 51 53 54 61 26 l2=19 tight=no l4=180 l8=2836 l16=45120 l32=721152 PERSISTENT
SURVIVOR base: 1 2 7 10 19 21 24 30 33 35 51 53 54 61 27 l2=11 tight=no l4=176 l8=2820 l16=45056 l32=720896 PERSISTENT
SURVIVOR base: 1 2 7 10 19 21 24 30 33 35 51 53 54 61 28 l2=15 tight=no l4=178 l8=2816 l16=45056 l32=720896 PERSISTENT
SURVIVOR base: 1 2 7 10 19 21 24 30 33 35 51 53 54 61 29 l2=13 tight=no l4=178 l8=2820 l16=45056 l32=720896 PERSISTENT
SURVIVOR base: 1 2 7 10 19 21 24 30 33 35 51 53 54 61 30 l2=18 tight=no l4=320 l8=5376 l16=88064 l32=1425408 PERSISTENT
SURVIVOR base: 1 2 7 10 19 21 24 30 33 35 51 53 54 61 31 l2=11 tight=no l4=180 l8=2820 l16=45056 l32=720896 PERSISTENT
SURVIVOR base: 1 2 7 10 19 21 24 30 33 35 51 53 54 61 32 l2=21 tight=no l4=182 l8=2832 l16=45120 l32=721152 PERSISTENT
SURVIVOR base: 1 2 7 10 19 21 24 30 33 35 51 53 54 61 33 l2=18 tight=no l4=324 l8=5376 l16=88064 l32=1425408 PERSISTENT
SURVIVOR base: 1 2 7 10 19 21 24 30 33 35 51 53 54 61 34 l2=13 tight=no l4=178 l8=2816 l16=45056 l32=720896 PERSISTENT
SURVIVOR base: 1 2 7 10 19 21 24 30 33 35 51 53 54 61 35 l2=21 tight=no l4=188 l8=2848 l16=45184 l32=721408 PERSISTENT
SURVIVOR base: 1 2 7 10 19 21 24 30 33 35 51 53 54 61 36 l2=13 tight=no l4=178 l8=2816 l16=45056 l32=720896 PERSISTENT
