n=13 (14 runners)
  min c_(i+1)/c_i = 1175/688 = 1.7078  (>4/3: True)
  K_n = 89348172069691/3616460531462492894939937597619200000000
  A_n = 6362078580113.5367441
  shape: slice t0=0.08493 Hmin_slice=664.9255 Hmin_general=664.9255 sup R_n ~ 0.504147
  bound log(v1..vn) < 341.031990695   [paper r_n = 0.505000]
  bound log(v1..vn) < 341.010003452   [numeric sup R_n = 0.504147]
  lcm(2..14) = 360360, log = 12.79485881

n=14 (15 runners)
  min c_(i+1)/c_i = 847/513 = 1.6511  (>4/3: True)
  K_n = 2289670297/97243124257250844122250000000000000000
  K_14 matches paper: True
  A_n = 206083383792625.44472
  shape: slice t0=0.07821 Hmin_slice=798.3079 Hmin_general=798.3079 sup R_n ~ 0.495499
  bound log(v1..vn) < 414.779364557   [paper r_n = 0.500000]
  bound log(v1..vn) < 414.652767171   [numeric sup R_n = 0.495499]
  lcm(2..15) = 360360, log = 12.79485881

n=15 (16 runners)
  min c_(i+1)/c_i = 3751/2349 = 1.5968  (>4/3: True)
  K_n = 233570089/12695029890685690413859209216000000000000
  A_n = 7372389141119765.1333
  shape: slice t0=0.07248 Hmin_slice=944.9612 Hmin_general=944.9612 sup R_n ~ 0.487960
  bound log(v1..vn) < 496.66419393   [numeric sup R_n = 0.487960]
  lcm(2..16) = 720720, log = 13.48800599

n=16 (17 runners)
  min c_(i+1)/c_i = 4932/3175 = 1.5534  (>4/3: True)
  K_n = 10135711517637019653643/849413517394726036287015664301622449271885791232000000000
  A_n = 289489264860166275.62
  shape: slice t0=0.06753 Hmin_slice=1105.0001 Hmin_general=1105.0001 sup R_n ~ 0.481325
  bound log(v1..vn) < 587.24950782   [numeric sup R_n = 0.481325]
  lcm(2..17) = 12252240, log = 16.32121934

